Archive member included to satisfy reference by file (symbol)

C:/ti/simplelink_cc13x0_sdk_4_20_02_07/source\ti/display/lib/display.am3g(Display.om3g)
                              ./rfWakeOnRadioTx_nortos.o (Display_doOpen)
C:/ti/simplelink_cc13x0_sdk_4_20_02_07/source\ti/display/lib/display.am3g(DisplaySharp.om3g)
                              ./CC1310_LAUNCHXL.o (DisplaySharp_fxnTable)
C:/ti/simplelink_cc13x0_sdk_4_20_02_07/source\ti/display/lib/display.am3g(DisplayUart.om3g)
                              ./CC1310_LAUNCHXL.o (DisplayUartMin_fxnTable)
C:/ti/simplelink_cc13x0_sdk_4_20_02_07/source\ti/display/lib/display.am3g(SharpGrLib.om3g)
                              C:/ti/simplelink_cc13x0_sdk_4_20_02_07/source\ti/display/lib/display.am3g(DisplaySharp.om3g) (SharpGrLib_init)
C:/ti/simplelink_cc13x0_sdk_4_20_02_07/source\ti/grlib/lib/gcc/m3/grlib.a(context.obj)
                              C:/ti/simplelink_cc13x0_sdk_4_20_02_07/source\ti/display/lib/display.am3g(DisplaySharp.om3g) (Graphics_initContext)
C:/ti/simplelink_cc13x0_sdk_4_20_02_07/source\ti/grlib/lib/gcc/m3/grlib.a(display.obj)
                              C:/ti/simplelink_cc13x0_sdk_4_20_02_07/source\ti/grlib/lib/gcc/m3/grlib.a(context.obj) (Graphics_drawPixelOnDisplay)
C:/ti/simplelink_cc13x0_sdk_4_20_02_07/source\ti/grlib/lib/gcc/m3/grlib.a(fontfixed6x8.obj)
                              C:/ti/simplelink_cc13x0_sdk_4_20_02_07/source\ti/display/lib/display.am3g(DisplaySharp.om3g) (g_sFontFixed6x8)
C:/ti/simplelink_cc13x0_sdk_4_20_02_07/source\ti/grlib/lib/gcc/m3/grlib.a(rectangle.obj)
                              C:/ti/simplelink_cc13x0_sdk_4_20_02_07/source\ti/display/lib/display.am3g(DisplaySharp.om3g) (Graphics_fillRectangle)
C:/ti/simplelink_cc13x0_sdk_4_20_02_07/source\ti/grlib/lib/gcc/m3/grlib.a(string.obj)
                              C:/ti/simplelink_cc13x0_sdk_4_20_02_07/source\ti/display/lib/display.am3g(DisplaySharp.om3g) (Graphics_drawString)
C:/ti/simplelink_cc13x0_sdk_4_20_02_07/source\ti/grlib/lib/gcc/m3/grlib.a(line.obj)
                              C:/ti/simplelink_cc13x0_sdk_4_20_02_07/source\ti/grlib/lib/gcc/m3/grlib.a(rectangle.obj) (Graphics_drawLineH)
C:/ti/simplelink_cc13x0_sdk_4_20_02_07/source\ti/drivers/rf/lib/rf_multiMode_cc13x0.am3g(RFCC26XX_multiMode.om3g)
                              ./rfWakeOnRadioTx_nortos.o (RF_open)
C:/ti/simplelink_cc13x0_sdk_4_20_02_07/source\ti/drivers/lib/drivers_cc13x0.am3g(NVSSPI25X.om3g)
                              ./CC1310_LAUNCHXL.o (NVSSPI25X_fxnTable)
C:/ti/simplelink_cc13x0_sdk_4_20_02_07/source\ti/drivers/lib/drivers_cc13x0.am3g(SDSPI.om3g)
                              ./CC1310_LAUNCHXL.o (SDSPI_fxnTable)
C:/ti/simplelink_cc13x0_sdk_4_20_02_07/source\ti/drivers/lib/drivers_cc13x0.am3g(List.om3g)
                              C:/ti/simplelink_cc13x0_sdk_4_20_02_07/source\ti/drivers/rf/lib/rf_multiMode_cc13x0.am3g(RFCC26XX_multiMode.om3g) (List_clearList)
C:/ti/simplelink_cc13x0_sdk_4_20_02_07/source\ti/drivers/lib/drivers_cc13x0.am3g(ADCCC26XX.om3g)
                              ./CC1310_LAUNCHXL.o (ADCCC26XX_fxnTable)
C:/ti/simplelink_cc13x0_sdk_4_20_02_07/source\ti/drivers/lib/drivers_cc13x0.am3g(ADCBufCC26XX.om3g)
                              ./CC1310_LAUNCHXL.o (ADCBufCC26XX_fxnTable)
C:/ti/simplelink_cc13x0_sdk_4_20_02_07/source\ti/drivers/lib/drivers_cc13x0.am3g(UDMACC26XX.om3g)
                              C:/ti/simplelink_cc13x0_sdk_4_20_02_07/source\ti/drivers/lib/drivers_cc13x0.am3g(ADCBufCC26XX.om3g) (UDMACC26XX_open)
C:/ti/simplelink_cc13x0_sdk_4_20_02_07/source\ti/drivers/lib/drivers_cc13x0.am3g(GPIOCC26XX.om3g)
                              C:/ti/simplelink_cc13x0_sdk_4_20_02_07/source\ti/display/lib/display.am3g(DisplaySharp.om3g) (GPIO_setConfig)
C:/ti/simplelink_cc13x0_sdk_4_20_02_07/source\ti/drivers/lib/drivers_cc13x0.am3g(I2CCC26XX.om3g)
                              ./CC1310_LAUNCHXL.o (I2CCC26XX_fxnTable)
C:/ti/simplelink_cc13x0_sdk_4_20_02_07/source\ti/drivers/lib/drivers_cc13x0.am3g(NVSCC26XX.om3g)
                              ./CC1310_LAUNCHXL.o (NVSCC26XX_fxnTable)
C:/ti/simplelink_cc13x0_sdk_4_20_02_07/source\ti/drivers/lib/drivers_cc13x0.am3g(PINCC26XX.om3g)
                              ./CC1310_LAUNCHXL.o (PIN_init)
C:/ti/simplelink_cc13x0_sdk_4_20_02_07/source\ti/drivers/lib/drivers_cc13x0.am3g(PowerCC26XX.om3g)
                              C:/ti/simplelink_cc13x0_sdk_4_20_02_07/source\ti/drivers/lib/drivers_cc13x0.am3g(UDMACC26XX.om3g) (Power_getDependencyCount)
C:/ti/simplelink_cc13x0_sdk_4_20_02_07/source\ti/drivers/lib/drivers_cc13x0.am3g(PowerCC26XX_calibrateRCOSC.om3g)
                              C:/ti/simplelink_cc13x0_sdk_4_20_02_07/source\ti/drivers/lib/drivers_cc13x0.am3g(PowerCC26XX.om3g) (PowerCC26XX_initiateCalibration)
C:/ti/simplelink_cc13x0_sdk_4_20_02_07/source\ti/drivers/lib/drivers_cc13x0.am3g(PWMTimerCC26XX.om3g)
                              ./CC1310_LAUNCHXL.o (PWMTimerCC26XX_fxnTable)
[...]
Memory Configuration

Name             Origin             Length             Attributes
FLASH            0x00000000         0x0001ffa8         xr
FLASH_CCFG       0x0001ffa8         0x00000058         xr
SRAM             0x20000000         0x00005000         xrw
*default*        0x00000000         0xffffffff

Linker script and memory map

LOAD ./CC1310_LAUNCHXL.o
LOAD ./CC1310_LAUNCHXL_fxns.o
LOAD ./ccfg.o
LOAD ./main_nortos.o
LOAD ./rfWakeOnRadioTx_nortos.o
LOAD ./smartrf_settings/smartrf_settings.o
                0x00000400                STACKSIZE = 0x400
                0x00000100                HEAPSIZE = 0x100
                0x00000000                PROVIDE (_resetVecs_base_address, DEFINED (_resetVecs_base_address)?_resetVecs_base_address:0x0)

.resetVecs      0x00000000       0x40
 *(.resetVecs)
 .resetVecs     0x00000000       0x40 C:/ti/simplelink_cc13x0_sdk_4_20_02_07/kernel/nortos\lib/nortos_cc13x0.am3g(startup_cc13xx_cc26xx_gcc.om3g)

.ramVecs
 *(.ramVecs)
                0x20000400                UDMACC26XX_CONFIG_BASE = 0x20000400
                0x20000430                DMA_SPI0_RX_CONTROL_TABLE_ENTRY_ADDRESS = (UDMACC26XX_CONFIG_BASE + 0x30)
                0x20000440                DMA_SPI0_TX_CONTROL_TABLE_ENTRY_ADDRESS = (UDMACC26XX_CONFIG_BASE + 0x40)
                0x20000470                DMA_ADC_PRI_CONTROL_TABLE_ENTRY_ADDRESS = (UDMACC26XX_CONFIG_BASE + 0x70)
                0x20000490                DMA_GPT0A_PRI_CONTROL_TABLE_ENTRY_ADDRESS = (UDMACC26XX_CONFIG_BASE + 0x90)
                0x20000500                DMA_SPI1_RX_CONTROL_TABLE_ENTRY_ADDRESS = (UDMACC26XX_CONFIG_BASE + 0x100)
                0x20000510                DMA_SPI1_TX_CONTROL_TABLE_ENTRY_ADDRESS = (UDMACC26XX_CONFIG_BASE + 0x110)
                0x20000670                DMA_ADC_ALT_CONTROL_TABLE_ENTRY_ADDRESS = (UDMACC26XX_CONFIG_BASE + 0x270)
                0x20000690                DMA_GPT0A_ALT_CONTROL_TABLE_ENTRY_ADDRESS = (UDMACC26XX_CONFIG_BASE + 0x290)
                0x00000000                UDMACC26XX_dmaSpi0RxControlTableEntry_is_placed = 0x0

.dmaSpi0RxControlTableEntry
                0x20000430       0x10
 *(.dmaSpi0RxControlTableEntry)
 .dmaSpi0RxControlTableEntry
                0x20000430       0x10 C:/ti/simplelink_cc13x0_sdk_4_20_02_07/source\ti/drivers/lib/drivers_cc13x0.am3g(SPICC26XXDMA.om3g)
                0x00000000                UDMACC26XX_dmaSpi0TxControlTableEntry_is_placed = 0x0

.dmaSpi0TxControlTableEntry
                0x20000440       0x10
 *(.dmaSpi0TxControlTableEntry)
 .dmaSpi0TxControlTableEntry
                0x20000440       0x10 C:/ti/simplelink_cc13x0_sdk_4_20_02_07/source\ti/drivers/lib/drivers_cc13x0.am3g(SPICC26XXDMA.om3g)
                0x00000000                UDMACC26XX_dmaADCPriControlTableEntry_is_placed = 0x0

.dmaADCPriControlTableEntry
 *(.dmaADCPriControlTableEntry)
                0x00000000                UDMACC26XX_dmaGPT0APriControlTableEntry_is_placed = 0x0

.dmaGPT0APriControlTableEntry
 *(.dmaGPT0APriControlTableEntry)
                0x00000000                UDMACC26XX_dmaSpi1RxControlTableEntry_is_placed = 0x0

.dmaSpi1RxControlTableEntry
                0x20000500       0x10
 *(.dmaSpi1RxControlTableEntry)
 .dmaSpi1RxControlTableEntry
                0x20000500       0x10 C:/ti/simplelink_cc13x0_sdk_4_20_02_07/source\ti/drivers/lib/drivers_cc13x0.am3g(SPICC26XXDMA.om3g)
                0x00000000                UDMACC26XX_dmaSpi1TxControlTableEntry_is_placed = 0x0

.dmaSpi1TxControlTableEntry
                0x20000510       0x10
 *(.dmaSpi1TxControlTableEntry)
 .dmaSpi1TxControlTableEntry
                0x20000510       0x10 C:/ti/simplelink_cc13x0_sdk_4_20_02_07/source\ti/drivers/lib/drivers_cc13x0.am3g(SPICC26XXDMA.om3g)
                0x00000000                UDMACC26XX_dmaADCAltControlTableEntry_is_placed = 0x0

.dmaADCAltControlTableEntry
 *(.dmaADCAltControlTableEntry)
                0x00000000                UDMACC26XX_dmaGPT0AAltControlTableEntry_is_placed = 0x0

.dmaGPT0AAltControlTableEntry
 *(.dmaGPT0AAltControlTableEntry)

.text           0x00000040     0x96ec
 CREATE_OBJECT_SYMBOLS
 *(.text)
 .text          0x00000040      0x378 c:/ti/gcc-arm-none-eabi_7_2_1/bin/../lib/gcc/arm-none-eabi/7.2.1/thumb/v7-m\libgcc.a(_arm_addsubdf3.o)
                0x00000040                __aeabi_drsub
                0x00000048                __aeabi_dsub
                0x00000048                __subdf3
                0x0000004c                __aeabi_dadd
                0x0000004c                __adddf3
                0x000002c4                __floatunsidf
                0x000002c4                __aeabi_ui2d
                0x000002e4                __floatsidf
                0x000002e4                __aeabi_i2d
                0x00000308                __aeabi_f2d
                0x00000308                __extendsfdf2
                0x0000034c                __floatundidf
                0x0000034c                __aeabi_ul2d
                0x0000035c                __floatdidf
                0x0000035c                __aeabi_l2d
 .text          0x000003b8      0x424 c:/ti/gcc-arm-none-eabi_7_2_1/bin/../lib/gcc/arm-none-eabi/7.2.1/thumb/v7-m\libgcc.a(_arm_muldivdf3.o)
                0x000003b8                __aeabi_dmul
                0x000003b8                __muldf3
                0x0000060c                __divdf3
                0x0000060c                __aeabi_ddiv
 .text          0x000007dc      0x110 c:/ti/gcc-arm-none-eabi_7_2_1/bin/../lib/gcc/arm-none-eabi/7.2.1/thumb/v7-m\libgcc.a(_arm_cmpdf2.o)
                0x000007dc                __gtdf2
                0x000007dc                __gedf2
                0x000007e4                __ltdf2
                0x000007e4                __ledf2
                0x000007ec                __nedf2
                0x000007ec                __eqdf2
                0x000007ec                __cmpdf2
                0x00000868                __aeabi_cdrcmple
                0x00000878                __aeabi_cdcmpeq
                0x00000878                __aeabi_cdcmple
                0x00000888                __aeabi_dcmpeq
                0x0000089c                __aeabi_dcmplt
                0x000008b0                __aeabi_dcmple
                0x000008c4                __aeabi_dcmpge
                0x000008d8                __aeabi_dcmpgt
 .text          0x000008ec       0x50 c:/ti/gcc-arm-none-eabi_7_2_1/bin/../lib/gcc/arm-none-eabi/7.2.1/thumb/v7-m\libgcc.a(_arm_fixdfsi.o)
                0x000008ec                __aeabi_d2iz
                0x000008ec                __fixdfsi
 .text          0x0000093c       0x40 c:/ti/gcc-arm-none-eabi_7_2_1/bin/../lib/gcc/arm-none-eabi/7.2.1/thumb/v7-m\libgcc.a(_arm_fixunsdfsi.o)
                0x0000093c                __aeabi_d2uiz
                0x0000093c                __fixunsdfsi
 .text          0x0000097c       0x30 c:/ti/gcc-arm-none-eabi_7_2_1/bin/../lib/gcc/arm-none-eabi/7.2.1/thumb/v7-m\libgcc.a(_aeabi_uldivmod.o)
                0x0000097c                __aeabi_uldivmod
 .text          0x000009ac      0x2d0 c:/ti/gcc-arm-none-eabi_7_2_1/bin/../lib/gcc/arm-none-eabi/7.2.1/thumb/v7-m\libgcc.a(_udivmoddi4.o)
                0x000009ac                __udivmoddi4
 .text          0x00000c7c        0x4 c:/ti/gcc-arm-none-eabi_7_2_1/bin/../lib/gcc/arm-none-eabi/7.2.1/thumb/v7-m\libgcc.a(_dvmd_tls.o)
                0x00000c7c                __aeabi_idiv0
                0x00000c7c                __aeabi_ldiv0
 .text          0x00000c80       0x10 C:/ti/gcc-arm-none-eabi_7_2_1/arm-none-eabi/lib/thumb/v7-m\libc_nano.a(lib_a-strlen.o)
                0x00000c80                strlen
 *(.text.*)
 .text.CC1310_LAUNCHXL_initGeneral
                0x00000c90       0x24 ./CC1310_LAUNCHXL.o
                0x00000c90                CC1310_LAUNCHXL_initGeneral
 .text.Board_init
                0x00000cb4        0xc ./CC1310_LAUNCHXL.o
                0x00000cb4                Board_init
 .text.CC1310_LAUNCHXL_sendExtFlashByte
                0x00000cc0       0x80 ./CC1310_LAUNCHXL_fxns.o
                0x00000cc0                CC1310_LAUNCHXL_sendExtFlashByte
 .text.CC1310_LAUNCHXL_wakeUpExtFlash
                0x00000d40       0x58 ./CC1310_LAUNCHXL_fxns.o
                0x00000d40                CC1310_LAUNCHXL_wakeUpExtFlash
 .text.CC1310_LAUNCHXL_shutDownExtFlash
                0x00000d98       0x50 ./CC1310_LAUNCHXL_fxns.o
                0x00000d98                CC1310_LAUNCHXL_shutDownExtFlash
 .text.Board_initHook
                0x00000de8        0xc ./CC1310_LAUNCHXL_fxns.o
                0x00000de8                Board_initHook
 .text.main     0x00000df4       0x14 ./main_nortos.o
                0x00000df4                main
 .text.IntMasterEnable
                0x00000e08       0x18 ./rfWakeOnRadioTx_nortos.o
 .text.IntMasterDisable
                0x00000e20       0x18 ./rfWakeOnRadioTx_nortos.o
 .text.buttonCallbackFunction
                0x00000e38       0x50 ./rfWakeOnRadioTx_nortos.o
                0x00000e38                buttonCallbackFunction
 .text.mainThread
                0x00000e88      0x25c ./rfWakeOnRadioTx_nortos.o
                0x00000e88                mainThread
 .text.initializeTxAdvCmdFromTxCmd
                0x000010e4       0x54 ./rfWakeOnRadioTx_nortos.o
 .text.enterGenfskCpePatch
                0x00001138       0x28 ./smartrf_settings/smartrf_settings.o
 .text.enterGenfskSysPatch
                0x00001160        0xc ./smartrf_settings/smartrf_settings.o
 .text.configureGenfskPatch
                0x0000116c       0xa4 ./smartrf_settings/smartrf_settings.o
 .text.applyGenfskPatch
                0x00001210       0x14 ./smartrf_settings/smartrf_settings.o
 .text.rf_patch_cpe_genfsk
                0x00001224        0xc ./smartrf_settings/smartrf_settings.o
 .text.rf_patch_rfe_genfsk
                0x00001230      0x134 ./smartrf_settings/smartrf_settings.o
 .text.Display_doOpen
                0x00001364       0x68 C:/ti/simplelink_cc13x0_sdk_4_20_02_07/source\ti/display/lib/display.am3g(Display.om3g)
                0x00001364                Display_doOpen
 .text.Display_doParamsInit
                0x000013cc        0x8 C:/ti/simplelink_cc13x0_sdk_4_20_02_07/source\ti/display/lib/display.am3g(Display.om3g)
                0x000013cc                Display_doParamsInit
 .text.Display_doPrintf
                0x000013d4       0x24 C:/ti/simplelink_cc13x0_sdk_4_20_02_07/source\ti/display/lib/display.am3g(Display.om3g)
                0x000013d4                Display_doPrintf
 .text.Display_doInit
                0x000013f8       0x2c C:/ti/simplelink_cc13x0_sdk_4_20_02_07/source\ti/display/lib/display.am3g(Display.om3g)
                0x000013f8                Display_doInit
 .text.DisplaySharp_init
                0x00001424        0x4 C:/ti/simplelink_cc13x0_sdk_4_20_02_07/source\ti/display/lib/display.am3g(DisplaySharp.om3g)
                0x00001424                DisplaySharp_init
 .text.DisplaySharp_getType
                0x00001428        0x8 C:/ti/simplelink_cc13x0_sdk_4_20_02_07/source\ti/display/lib/display.am3g(DisplaySharp.om3g)
                0x00001428                DisplaySharp_getType
 .text.DisplaySharp_open
                0x00001430       0xe4 C:/ti/simplelink_cc13x0_sdk_4_20_02_07/source\ti/display/lib/display.am3g(DisplaySharp.om3g)
                0x00001430                DisplaySharp_open
 .text.DisplaySharp_clear
                0x00001514       0x28 C:/ti/simplelink_cc13x0_sdk_4_20_02_07/source\ti/display/lib/display.am3g(DisplaySharp.om3g)
                0x00001514                DisplaySharp_clear
 .text.DisplaySharp_control
                0x0000153c       0xb8 C:/ti/simplelink_cc13x0_sdk_4_20_02_07/source\ti/display/lib/display.am3g(DisplaySharp.om3g)
                0x0000153c                DisplaySharp_control
 .text.DisplaySharp_clearLines
                0x000015f4       0x50 C:/ti/simplelink_cc13x0_sdk_4_20_02_07/source\ti/display/lib/display.am3g(DisplaySharp.om3g)
                0x000015f4                DisplaySharp_clearLines
 .text.DisplaySharp_vprintf
                0x00001644       0xc0 C:/ti/simplelink_cc13x0_sdk_4_20_02_07/source\ti/display/lib/display.am3g(DisplaySharp.om3g)
                0x00001644                DisplaySharp_vprintf
 .text.DisplaySharp_close
                0x00001704       0x3c C:/ti/simplelink_cc13x0_sdk_4_20_02_07/source\ti/display/lib/display.am3g(DisplaySharp.om3g)
                0x00001704                DisplaySharp_close
 .text.DisplayUartMin_init
                0x00001740        0x4 C:/ti/simplelink_cc13x0_sdk_4_20_02_07/source\ti/display/lib/display.am3g(DisplayUart.om3g)
                0x00001740                DisplayUartMin_init
 .text.DisplayUartMin_clearLines
                0x00001744        0x4 C:/ti/simplelink_cc13x0_sdk_4_20_02_07/source\ti/display/lib/display.am3g(DisplayUart.om3g)
                0x00001744                DisplayUartMin_clearLines
 .text.DisplayUartMin_control
                0x00001748        0x8 C:/ti/simplelink_cc13x0_sdk_4_20_02_07/source\ti/display/lib/display.am3g(DisplayUart.om3g)
                0x00001748                DisplayUartMin_control
 .text.DisplayUartMin_getType
                0x00001750        0x8 C:/ti/simplelink_cc13x0_sdk_4_20_02_07/source\ti/display/lib/display.am3g(DisplayUart.om3g)
                0x00001750                DisplayUartMin_getType
 .text.DisplayUartMin_open
                0x00001758       0x48 C:/ti/simplelink_cc13x0_sdk_4_20_02_07/source\ti/display/lib/display.am3g(DisplayUart.om3g)
                0x00001758                DisplayUartMin_open
 .text.DisplayUartMin_vprintf
                0x000017a0       0x4c C:/ti/simplelink_cc13x0_sdk_4_20_02_07/source\ti/display/lib/display.am3g(DisplayUart.om3g)
                0x000017a0                DisplayUartMin_vprintf
 .text.DisplayUartMin_close
                0x000017ec       0x18 C:/ti/simplelink_cc13x0_sdk_4_20_02_07/source\ti/display/lib/display.am3g(DisplayUart.om3g)
                0x000017ec                DisplayUartMin_close
 .text.DisplayUartMin_clear
                0x00001804        0x4 C:/ti/simplelink_cc13x0_sdk_4_20_02_07/source\ti/display/lib/display.am3g(DisplayUart.om3g)
                0x00001804                DisplayUartMin_clear
 .text.SharpGrLib_pixelDraw
                0x00001808       0x30 C:/ti/simplelink_cc13x0_sdk_4_20_02_07/source\ti/display/lib/display.am3g(SharpGrLib.om3g)
 .text.SharpGrLib_drawMultiple
                0x00001838       0x44 C:/ti/simplelink_cc13x0_sdk_4_20_02_07/source\ti/display/lib/display.am3g(SharpGrLib.om3g)
 .text.SharpGrLib_lineDrawH
                0x0000187c       0xb4 C:/ti/simplelink_cc13x0_sdk_4_20_02_07/source\ti/display/lib/display.am3g(SharpGrLib.om3g)
 .text.SharpGrLib_lineDrawV
                0x00001930       0x50 C:/ti/simplelink_cc13x0_sdk_4_20_02_07/source\ti/display/lib/display.am3g(SharpGrLib.om3g)
 .text.SharpGrLib_rectFill
                0x00001980      0x104 C:/ti/simplelink_cc13x0_sdk_4_20_02_07/source\ti/display/lib/display.am3g(SharpGrLib.om3g)
 .text.SharpGrLib_colorTranslate
                0x00001a84        0x8 C:/ti/simplelink_cc13x0_sdk_4_20_02_07/source\ti/display/lib/display.am3g(SharpGrLib.om3g)
 .text.SharpGrLib_flush
                0x00001a8c      0x118 C:/ti/simplelink_cc13x0_sdk_4_20_02_07/source\ti/display/lib/display.am3g(SharpGrLib.om3g)
 .text.SharpGrLib_clearScreen
                0x00001ba4       0xf4 C:/ti/simplelink_cc13x0_sdk_4_20_02_07/source\ti/display/lib/display.am3g(SharpGrLib.om3g)
 .text.SharpGrLib_init
                0x00001c98       0x24 C:/ti/simplelink_cc13x0_sdk_4_20_02_07/source\ti/display/lib/display.am3g(SharpGrLib.om3g)
                0x00001c98                SharpGrLib_init
 .text.Graphics_initContext
                0x00001cbc       0x62 C:/ti/simplelink_cc13x0_sdk_4_20_02_07/source\ti/grlib/lib/gcc/m3/grlib.a(context.obj)
                0x00001cbc                Graphics_initContext
 .text.Graphics_setBackgroundColor
                0x00001d1e       0x2a C:/ti/simplelink_cc13x0_sdk_4_20_02_07/source\ti/grlib/lib/gcc/m3/grlib.a(context.obj)
                0x00001d1e                Graphics_setBackgroundColor
 .text.Graphics_setFont
                0x00001d48       0x22 C:/ti/simplelink_cc13x0_sdk_4_20_02_07/source\ti/grlib/lib/gcc/m3/grlib.a(context.obj)
                0x00001d48                Graphics_setFont
 .text.Graphics_setForegroundColor
                0x00001d6a       0x26 C:/ti/simplelink_cc13x0_sdk_4_20_02_07/source\ti/grlib/lib/gcc/m3/grlib.a(context.obj)
                0x00001d6a                Graphics_setForegroundColor
 .text.Graphics_flushBuffer
                0x00001d90       0x1a C:/ti/simplelink_cc13x0_sdk_4_20_02_07/source\ti/grlib/lib/gcc/m3/grlib.a(context.obj)
                0x00001d90                Graphics_flushBuffer
 .text.Graphics_clearDisplay
                0x00001daa       0x22 C:/ti/simplelink_cc13x0_sdk_4_20_02_07/source\ti/grlib/lib/gcc/m3/grlib.a(context.obj)
                0x00001daa                Graphics_clearDisplay
 .text.Graphics_drawPixelOnDisplay
                0x00001dcc       0x36 C:/ti/simplelink_cc13x0_sdk_4_20_02_07/source\ti/grlib/lib/gcc/m3/grlib.a(display.obj)
                0x00001dcc                Graphics_drawPixelOnDisplay
 .text.Graphics_drawHorizontalLineOnDisplay
                0x00001e02       0x40 C:/ti/simplelink_cc13x0_sdk_4_20_02_07/source\ti/grlib/lib/gcc/m3/grlib.a(display.obj)
                0x00001e02                Graphics_drawHorizontalLineOnDisplay
 .text.Graphics_fillRectangleOnDisplay
                0x00001e42       0x24 C:/ti/simplelink_cc13x0_sdk_4_20_02_07/source\ti/grlib/lib/gcc/m3/grlib.a(display.obj)
                0x00001e42                Graphics_fillRectangleOnDisplay
 .text.Graphics_translateColorOnDisplay
                0x00001e66       0x20 C:/ti/simplelink_cc13x0_sdk_4_20_02_07/source\ti/grlib/lib/gcc/m3/grlib.a(display.obj)
                0x00001e66                Graphics_translateColorOnDisplay
 .text.Graphics_flushOnDisplay
                0x00001e86       0x1a C:/ti/simplelink_cc13x0_sdk_4_20_02_07/source\ti/grlib/lib/gcc/m3/grlib.a(display.obj)
                0x00001e86                Graphics_flushOnDisplay
 .text.Graphics_clearDisplayOnDisplay
                0x00001ea0       0x22 C:/ti/simplelink_cc13x0_sdk_4_20_02_07/source\ti/grlib/lib/gcc/m3/grlib.a(display.obj)
                0x00001ea0                Graphics_clearDisplayOnDisplay
 .text.Graphics_fillRectangle
                0x00001ec2      0x11c C:/ti/simplelink_cc13x0_sdk_4_20_02_07/source\ti/grlib/lib/gcc/m3/grlib.a(rectangle.obj)
                0x00001ec2                Graphics_fillRectangle
 .text.Graphics_getNumberOfLeadingZeros
                0x00001fde       0x4a C:/ti/simplelink_cc13x0_sdk_4_20_02_07/source\ti/grlib/lib/gcc/m3/grlib.a(string.obj)
 .text.Graphics_drawString
                0x00002028      0x520 C:/ti/simplelink_cc13x0_sdk_4_20_02_07/source\ti/grlib/lib/gcc/m3/grlib.a(string.obj)
                0x00002028                Graphics_drawString
 .text.Graphics_drawLineH
                0x00002548       0xb0 C:/ti/simplelink_cc13x0_sdk_4_20_02_07/source\ti/grlib/lib/gcc/m3/grlib.a(line.obj)
                0x00002548                Graphics_drawLineH
 .text.RF_initRadioSetup
                0x000025f8       0x70 C:/ti/simplelink_cc13x0_sdk_4_20_02_07/source\ti/drivers/rf/lib/rf_multiMode_cc13x0.am3g(RFCC26XX_multiMode.om3g)
 .text.RF_defaultCallback
                0x00002668        0x4 C:/ti/simplelink_cc13x0_sdk_4_20_02_07/source\ti/drivers/rf/lib/rf_multiMode_cc13x0.am3g(RFCC26XX_multiMode.om3g)
 .text.RF_cmdStoreEvents
                0x0000266c       0x38 C:/ti/simplelink_cc13x0_sdk_4_20_02_07/source\ti/drivers/rf/lib/rf_multiMode_cc13x0.am3g(RFCC26XX_multiMode.om3g)
 .text.RF_issueRadioFreeCb
                0x000026a4       0x7c C:/ti/simplelink_cc13x0_sdk_4_20_02_07/source\ti/drivers/rf/lib/rf_multiMode_cc13x0.am3g(RFCC26XX_multiMode.om3g)
 .text.RF_clkReqAccess
                0x00002720        0x8 C:/ti/simplelink_cc13x0_sdk_4_20_02_07/source\ti/drivers/rf/lib/rf_multiMode_cc13x0.am3g(RFCC26XX_multiMode.om3g)
 .text.RF_syncCb
                0x00002728       0x88 C:/ti/simplelink_cc13x0_sdk_4_20_02_07/source\ti/drivers/rf/lib/rf_multiMode_cc13x0.am3g(RFCC26XX_multiMode.om3g)
 .text.RF_applyRfCorePatch
                0x000027b0       0x74 C:/ti/simplelink_cc13x0_sdk_4_20_02_07/source\ti/drivers/rf/lib/rf_multiMode_cc13x0.am3g(RFCC26XX_multiMode.om3g)
 .text.RF_hwiHw
                0x00002824       0x70 C:/ti/simplelink_cc13x0_sdk_4_20_02_07/source\ti/drivers/rf/lib/rf_multiMode_cc13x0.am3g(RFCC26XX_multiMode.om3g)
 .text.RF_swiFsm
                0x00002894       0x24 C:/ti/simplelink_cc13x0_sdk_4_20_02_07/source\ti/drivers/rf/lib/rf_multiMode_cc13x0.am3g(RFCC26XX_multiMode.om3g)
 .text.RF_fsmXOSCState
                0x000028b8       0x68 C:/ti/simplelink_cc13x0_sdk_4_20_02_07/source\ti/drivers/rf/lib/rf_multiMode_cc13x0.am3g(RFCC26XX_multiMode.om3g)
 .text.RF_hwiCpe0ChangePhy
                0x00002920       0x24 C:/ti/simplelink_cc13x0_sdk_4_20_02_07/source\ti/drivers/rf/lib/rf_multiMode_cc13x0.am3g(RFCC26XX_multiMode.om3g)
 .text.RF_fsmSetupState
                0x00002944      0x168 C:/ti/simplelink_cc13x0_sdk_4_20_02_07/source\ti/drivers/rf/lib/rf_multiMode_cc13x0.am3g(RFCC26XX_multiMode.om3g)
 .text.RF_wakeupNotification
                0x00002aac       0x58 C:/ti/simplelink_cc13x0_sdk_4_20_02_07/source\ti/drivers/rf/lib/rf_multiMode_cc13x0.am3g(RFCC26XX_multiMode.om3g)
 .text.RF_pendCmd.part.16
                0x00002b04       0xcc C:/ti/simplelink_cc13x0_sdk_4_20_02_07/source\ti/drivers/rf/lib/rf_multiMode_cc13x0.am3g(RFCC26XX_multiMode.om3g)
 .text.RF_powerConstraintSet
                0x00002bd0       0x1c C:/ti/simplelink_cc13x0_sdk_4_20_02_07/source\ti/drivers/rf/lib/rf_multiMode_cc13x0.am3g(RFCC26XX_multiMode.om3g)
                0x00002bd0                RF_powerConstraintSet
 .text.RF_ratRestartChannels
                0x00002bec       0xb0 C:/ti/simplelink_cc13x0_sdk_4_20_02_07/source\ti/drivers/rf/lib/rf_multiMode_cc13x0.am3g(RFCC26XX_multiMode.om3g)
 .text.RF_powerConstraintRelease
                0x00002c9c       0x34 C:/ti/simplelink_cc13x0_sdk_4_20_02_07/source\ti/drivers/rf/lib/rf_multiMode_cc13x0.am3g(RFCC26XX_multiMode.om3g)
                0x00002c9c                RF_powerConstraintRelease
 .text.RF_clkInactivityCallback
                0x00002cd0       0x1c C:/ti/simplelink_cc13x0_sdk_4_20_02_07/source\ti/drivers/rf/lib/rf_multiMode_cc13x0.am3g(RFCC26XX_multiMode.om3g)
 .text.RF_radioOpDoneCb
                0x00002cec      0x154 C:/ti/simplelink_cc13x0_sdk_4_20_02_07/source\ti/drivers/rf/lib/rf_multiMode_cc13x0.am3g(RFCC26XX_multiMode.om3g)
 .text.RF_ratFreeChannel
                0x00002e40       0x9c C:/ti/simplelink_cc13x0_sdk_4_20_02_07/source\ti/drivers/rf/lib/rf_multiMode_cc13x0.am3g(RFCC26XX_multiMode.om3g)
 .text.RF_swiHw
                0x00002edc       0xd0 C:/ti/simplelink_cc13x0_sdk_4_20_02_07/source\ti/drivers/rf/lib/rf_multiMode_cc13x0.am3g(RFCC26XX_multiMode.om3g)
 .text.RF_open  0x00002fac      0x254 C:/ti/simplelink_cc13x0_sdk_4_20_02_07/source\ti/drivers/rf/lib/rf_multiMode_cc13x0.am3g(RFCC26XX_multiMode.om3g)
                0x00002fac                RF_open
 .text.RF_getCurrentTime
                0x00003200       0x80 C:/ti/simplelink_cc13x0_sdk_4_20_02_07/source\ti/drivers/rf/lib/rf_multiMode_cc13x0.am3g(RFCC26XX_multiMode.om3g)
                0x00003200                RF_getCurrentTime
 .text.RF_cmdDispatchTime
                0x00003280       0x84 C:/ti/simplelink_cc13x0_sdk_4_20_02_07/source\ti/drivers/rf/lib/rf_multiMode_cc13x0.am3g(RFCC26XX_multiMode.om3g)
 .text.RF_dispatchNextCmd
                0x00003304      0x128 C:/ti/simplelink_cc13x0_sdk_4_20_02_07/source\ti/drivers/rf/lib/rf_multiMode_cc13x0.am3g(RFCC26XX_multiMode.om3g)
 .text.RF_hwiCpe0Active
                0x0000342c       0xbc C:/ti/simplelink_cc13x0_sdk_4_20_02_07/source\ti/drivers/rf/lib/rf_multiMode_cc13x0.am3g(RFCC26XX_multiMode.om3g)
 .text.RF_hwiCpe0PowerFsm
                0x000034e8       0x88 C:/ti/simplelink_cc13x0_sdk_4_20_02_07/source\ti/drivers/rf/lib/rf_multiMode_cc13x0.am3g(RFCC26XX_multiMode.om3g)
 .text.RF_calculateDispatchTime
                0x00003570       0xd8 C:/ti/simplelink_cc13x0_sdk_4_20_02_07/source\ti/drivers/rf/lib/rf_multiMode_cc13x0.am3g(RFCC26XX_multiMode.om3g)
 .text.RF_dispatchNextEvent
                0x00003648       0x74 C:/ti/simplelink_cc13x0_sdk_4_20_02_07/source\ti/drivers/rf/lib/rf_multiMode_cc13x0.am3g(RFCC26XX_multiMode.om3g)
 .text.RF_fsmPowerUpState
                0x000036bc      0x11c C:/ti/simplelink_cc13x0_sdk_4_20_02_07/source\ti/drivers/rf/lib/rf_multiMode_cc13x0.am3g(RFCC26XX_multiMode.om3g)
 .text.RF_fsmActiveState
                0x000037d8      0x548 C:/ti/simplelink_cc13x0_sdk_4_20_02_07/source\ti/drivers/rf/lib/rf_multiMode_cc13x0.am3g(RFCC26XX_multiMode.om3g)
 .text.RF_clkPowerUp
                0x00003d20       0x24 C:/ti/simplelink_cc13x0_sdk_4_20_02_07/source\ti/drivers/rf/lib/rf_multiMode_cc13x0.am3g(RFCC26XX_multiMode.om3g)
 .text.RF_postCmd
                0x00003d44       0xe0 C:/ti/simplelink_cc13x0_sdk_4_20_02_07/source\ti/drivers/rf/lib/rf_multiMode_cc13x0.am3g(RFCC26XX_multiMode.om3g)
                0x00003d44                RF_postCmd
 .text.RF_runCmd
                0x00003e24       0x30 C:/ti/simplelink_cc13x0_sdk_4_20_02_07/source\ti/drivers/rf/lib/rf_multiMode_cc13x0.am3g(RFCC26XX_multiMode.om3g)
                0x00003e24                RF_runCmd
 .text.RF_Params_init
                0x00003e54       0x1c C:/ti/simplelink_cc13x0_sdk_4_20_02_07/source\ti/drivers/rf/lib/rf_multiMode_cc13x0.am3g(RFCC26XX_multiMode.om3g)
                0x00003e54                RF_Params_init
 .text.List_clearList
                0x00003e70       0x18 C:/ti/simplelink_cc13x0_sdk_4_20_02_07/source\ti/drivers/lib/drivers_cc13x0.am3g(List.om3g)
                0x00003e70                List_clearList
 .text.List_get
                0x00003e88       0x28 C:/ti/simplelink_cc13x0_sdk_4_20_02_07/source\ti/drivers/lib/drivers_cc13x0.am3g(List.om3g)
                0x00003e88                List_get
 .text.List_put
                0x00003eb0       0x2c C:/ti/simplelink_cc13x0_sdk_4_20_02_07/source\ti/drivers/lib/drivers_cc13x0.am3g(List.om3g)
                0x00003eb0                List_put
 .text.List_remove
                0x00003edc       0x30 C:/ti/simplelink_cc13x0_sdk_4_20_02_07/source\ti/drivers/lib/drivers_cc13x0.am3g(List.om3g)
                0x00003edc                List_remove
 .text.UDMACC26XX_hwiIntFxn
                0x00003f0c        0xc C:/ti/simplelink_cc13x0_sdk_4_20_02_07/source\ti/drivers/lib/drivers_cc13x0.am3g(UDMACC26XX.om3g)
                0x00003f0c                UDMACC26XX_hwiIntFxn
 .text.UDMACC26XX_open
                0x00003f18       0x60 C:/ti/simplelink_cc13x0_sdk_4_20_02_07/source\ti/drivers/lib/drivers_cc13x0.am3g(UDMACC26XX.om3g)
                0x00003f18                UDMACC26XX_open
 .text.UDMACC26XX_close
                0x00003f78       0x44 C:/ti/simplelink_cc13x0_sdk_4_20_02_07/source\ti/drivers/lib/drivers_cc13x0.am3g(UDMACC26XX.om3g)
                0x00003f78                UDMACC26XX_close
 .text.GPIO_hwiIntFxn
                0x00003fbc       0x30 C:/ti/simplelink_cc13x0_sdk_4_20_02_07/source\ti/drivers/lib/drivers_cc13x0.am3g(GPIOCC26XX.om3g)
                0x00003fbc                GPIO_hwiIntFxn
 .text.GPIO_setConfig
                0x00003fec      0x120 C:/ti/simplelink_cc13x0_sdk_4_20_02_07/source\ti/drivers/lib/drivers_cc13x0.am3g(GPIOCC26XX.om3g)
                0x00003fec                GPIO_setConfig
 .text.GPIO_init
                0x0000410c      0x11c C:/ti/simplelink_cc13x0_sdk_4_20_02_07/source\ti/drivers/lib/drivers_cc13x0.am3g(GPIOCC26XX.om3g)
                0x0000410c                GPIO_init
 .text.GPIO_write
                0x00004228       0x58 C:/ti/simplelink_cc13x0_sdk_4_20_02_07/source\ti/drivers/lib/drivers_cc13x0.am3g(GPIOCC26XX.om3g)
                0x00004228                GPIO_write
 .text.PIN_swi  0x00004280       0x40 C:/ti/simplelink_cc13x0_sdk_4_20_02_07/source\ti/drivers/lib/drivers_cc13x0.am3g(PINCC26XX.om3g)
 .text.PIN_hwi  0x000042c0       0x1c C:/ti/simplelink_cc13x0_sdk_4_20_02_07/source\ti/drivers/lib/drivers_cc13x0.am3g(PINCC26XX.om3g)
 .text.PINCC26XX_setIoCfg
                0x000042dc      0x14c C:/ti/simplelink_cc13x0_sdk_4_20_02_07/source\ti/drivers/lib/drivers_cc13x0.am3g(PINCC26XX.om3g)
 .text.PIN_init
                0x00004428      0x200 C:/ti/simplelink_cc13x0_sdk_4_20_02_07/source\ti/drivers/lib/drivers_cc13x0.am3g(PINCC26XX.om3g)
                0x00004428                PIN_init
 .text.PIN_remove
                0x00004628       0x6c C:/ti/simplelink_cc13x0_sdk_4_20_02_07/source\ti/drivers/lib/drivers_cc13x0.am3g(PINCC26XX.om3g)
                0x00004628                PIN_remove
 .text.PIN_close
                0x00004694       0x20 C:/ti/simplelink_cc13x0_sdk_4_20_02_07/source\ti/drivers/lib/drivers_cc13x0.am3g(PINCC26XX.om3g)
                0x00004694                PIN_close
 .text.PIN_getInputValue
                0x000046b4       0x14 C:/ti/simplelink_cc13x0_sdk_4_20_02_07/source\ti/drivers/lib/drivers_cc13x0.am3g(PINCC26XX.om3g)
                0x000046b4                PIN_getInputValue
 .text.PIN_setOutputEnable
                0x000046c8       0x48 C:/ti/simplelink_cc13x0_sdk_4_20_02_07/source\ti/drivers/lib/drivers_cc13x0.am3g(PINCC26XX.om3g)
                0x000046c8                PIN_setOutputEnable
 .text.PIN_setOutputValue
                0x00004710       0x34 C:/ti/simplelink_cc13x0_sdk_4_20_02_07/source\ti/drivers/lib/drivers_cc13x0.am3g(PINCC26XX.om3g)
                0x00004710                PIN_setOutputValue
 .text.PIN_getOutputValue
                0x00004744       0x14 C:/ti/simplelink_cc13x0_sdk_4_20_02_07/source\ti/drivers/lib/drivers_cc13x0.am3g(PINCC26XX.om3g)
                0x00004744                PIN_getOutputValue
 .text.PIN_registerIntCb
                0x00004758        0xc C:/ti/simplelink_cc13x0_sdk_4_20_02_07/source\ti/drivers/lib/drivers_cc13x0.am3g(PINCC26XX.om3g)
                0x00004758                PIN_registerIntCb
 .text.PIN_getConfig
                0x00004764       0x50 C:/ti/simplelink_cc13x0_sdk_4_20_02_07/source\ti/drivers/lib/drivers_cc13x0.am3g(PINCC26XX.om3g)
                0x00004764                PIN_getConfig
 .text.PIN_setConfig
                0x000047b4       0x34 C:/ti/simplelink_cc13x0_sdk_4_20_02_07/source\ti/drivers/lib/drivers_cc13x0.am3g(PINCC26XX.om3g)
                0x000047b4                PIN_setConfig
 .text.PIN_open
                0x000047e8       0xa8 C:/ti/simplelink_cc13x0_sdk_4_20_02_07/source\ti/drivers/lib/drivers_cc13x0.am3g(PINCC26XX.om3g)
                0x000047e8                PIN_open
 .text.PIN_add  0x00004890       0x64 C:/ti/simplelink_cc13x0_sdk_4_20_02_07/source\ti/drivers/lib/drivers_cc13x0.am3g(PINCC26XX.om3g)
                0x00004890                PIN_add
 .text.PIN_setInterrupt
                0x000048f4       0x38 C:/ti/simplelink_cc13x0_sdk_4_20_02_07/source\ti/drivers/lib/drivers_cc13x0.am3g(PINCC26XX.om3g)
                0x000048f4                PIN_setInterrupt
 .text.PINCC26XX_setMux
                0x0000492c       0x44 C:/ti/simplelink_cc13x0_sdk_4_20_02_07/source\ti/drivers/lib/drivers_cc13x0.am3g(PINCC26XX.om3g)
                0x0000492c                PINCC26XX_setMux
 .text.emptyClockFunc
                0x00004970        0x4 C:/ti/simplelink_cc13x0_sdk_4_20_02_07/source\ti/drivers/lib/drivers_cc13x0.am3g(PowerCC26XX.om3g)
 .text.disableLfClkQualifiersEnableClkLoss
                0x00004974       0x3c C:/ti/simplelink_cc13x0_sdk_4_20_02_07/source\ti/drivers/lib/drivers_cc13x0.am3g(PowerCC26XX.om3g)
 .text.nopResourceHandler
                0x000049b0        0x4 C:/ti/simplelink_cc13x0_sdk_4_20_02_07/source\ti/drivers/lib/drivers_cc13x0.am3g(PowerCC26XX.om3g)
 .text.notify   0x000049b4       0x30 C:/ti/simplelink_cc13x0_sdk_4_20_02_07/source\ti/drivers/lib/drivers_cc13x0.am3g(PowerCC26XX.om3g)
 .text.configureRFCoreClocks
                0x000049e4       0x14 C:/ti/simplelink_cc13x0_sdk_4_20_02_07/source\ti/drivers/lib/drivers_cc13x0.am3g(PowerCC26XX.om3g)
 .text.switchXOSCHFclockFunc
                0x000049f8       0x98 C:/ti/simplelink_cc13x0_sdk_4_20_02_07/source\ti/drivers/lib/drivers_cc13x0.am3g(PowerCC26XX.om3g)
 .text.configureXOSCHF
                0x00004a90       0x5c C:/ti/simplelink_cc13x0_sdk_4_20_02_07/source\ti/drivers/lib/drivers_cc13x0.am3g(PowerCC26XX.om3g)
 .text.Power_disablePolicy
                0x00004aec       0x14 C:/ti/simplelink_cc13x0_sdk_4_20_02_07/source\ti/drivers/lib/drivers_cc13x0.am3g(PowerCC26XX.om3g)
                0x00004aec                Power_disablePolicy
 .text.Power_enablePolicy
                0x00004b00       0x10 C:/ti/simplelink_cc13x0_sdk_4_20_02_07/source\ti/drivers/lib/drivers_cc13x0.am3g(PowerCC26XX.om3g)
                0x00004b00                Power_enablePolicy
 .text.Power_getConstraintMask
                0x00004b10        0xc C:/ti/simplelink_cc13x0_sdk_4_20_02_07/source\ti/drivers/lib/drivers_cc13x0.am3g(PowerCC26XX.om3g)
                0x00004b10                Power_getConstraintMask
 .text.Power_getDependencyCount
                0x00004b1c       0x10 C:/ti/simplelink_cc13x0_sdk_4_20_02_07/source\ti/drivers/lib/drivers_cc13x0.am3g(PowerCC26XX.om3g)
                0x00004b1c                Power_getDependencyCount
 .text.Power_getTransitionLatency
                0x00004b2c       0x20 C:/ti/simplelink_cc13x0_sdk_4_20_02_07/source\ti/drivers/lib/drivers_cc13x0.am3g(PowerCC26XX.om3g)
                0x00004b2c                Power_getTransitionLatency
 .text.Power_idleFunc
                0x00004b4c       0x18 C:/ti/simplelink_cc13x0_sdk_4_20_02_07/source\ti/drivers/lib/drivers_cc13x0.am3g(PowerCC26XX.om3g)
                0x00004b4c                Power_idleFunc
 .text.Power_registerNotify
                0x00004b64       0x24 C:/ti/simplelink_cc13x0_sdk_4_20_02_07/source\ti/drivers/lib/drivers_cc13x0.am3g(PowerCC26XX.om3g)
                0x00004b64                Power_registerNotify
 .text.Power_releaseConstraint
                0x00004b88       0x34 C:/ti/simplelink_cc13x0_sdk_4_20_02_07/source\ti/drivers/lib/drivers_cc13x0.am3g(PowerCC26XX.om3g)
                0x00004b88                Power_releaseConstraint
 .text.lfClockReadyCallback
                0x00004bbc       0x6c C:/ti/simplelink_cc13x0_sdk_4_20_02_07/source\ti/drivers/lib/drivers_cc13x0.am3g(PowerCC26XX.om3g)
 .text.Power_releaseDependency
                0x00004c28       0xa8 C:/ti/simplelink_cc13x0_sdk_4_20_02_07/source\ti/drivers/lib/drivers_cc13x0.am3g(PowerCC26XX.om3g)
                0x00004c28                Power_releaseDependency
 .text.Power_setConstraint
                0x00004cd0       0x30 C:/ti/simplelink_cc13x0_sdk_4_20_02_07/source\ti/drivers/lib/drivers_cc13x0.am3g(PowerCC26XX.om3g)
                0x00004cd0                Power_setConstraint
 .text.Power_init
                0x00004d00      0x144 C:/ti/simplelink_cc13x0_sdk_4_20_02_07/source\ti/drivers/lib/drivers_cc13x0.am3g(PowerCC26XX.om3g)
                0x00004d00                Power_init
 .text.Power_setDependency
                0x00004e44       0xb0 C:/ti/simplelink_cc13x0_sdk_4_20_02_07/source\ti/drivers/lib/drivers_cc13x0.am3g(PowerCC26XX.om3g)
                0x00004e44                Power_setDependency
 .text.Power_sleep
                0x00004ef4      0x250 C:/ti/simplelink_cc13x0_sdk_4_20_02_07/source\ti/drivers/lib/drivers_cc13x0.am3g(PowerCC26XX.om3g)
                0x00004ef4                Power_sleep
 .text.Power_unregisterNotify
                0x00005144       0x20 C:/ti/simplelink_cc13x0_sdk_4_20_02_07/source\ti/drivers/lib/drivers_cc13x0.am3g(PowerCC26XX.om3g)
                0x00005144                Power_unregisterNotify
 .text.PowerCC26XX_calibrate
                0x00005164       0x68 C:/ti/simplelink_cc13x0_sdk_4_20_02_07/source\ti/drivers/lib/drivers_cc13x0.am3g(PowerCC26XX.om3g)
                0x00005164                PowerCC26XX_calibrate
 .text.PowerCC26XX_isStableXOSC_HF
                0x000051cc       0x48 C:/ti/simplelink_cc13x0_sdk_4_20_02_07/source\ti/drivers/lib/drivers_cc13x0.am3g(PowerCC26XX.om3g)
                0x000051cc                PowerCC26XX_isStableXOSC_HF
 .text.PowerCC26XX_switchXOSC_HF
                0x00005214        0x8 C:/ti/simplelink_cc13x0_sdk_4_20_02_07/source\ti/drivers/lib/drivers_cc13x0.am3g(PowerCC26XX.om3g)
                0x00005214                PowerCC26XX_switchXOSC_HF
 .text.PowerCC26XX_initiateCalibration
                0x0000521c       0x74 C:/ti/simplelink_cc13x0_sdk_4_20_02_07/source\ti/drivers/lib/drivers_cc13x0.am3g(PowerCC26XX_calibrateRCOSC.om3g)
                0x0000521c                PowerCC26XX_initiateCalibration
 .text.PowerCC26XX_doCalibrate
                0x00005290      0x1e8 C:/ti/simplelink_cc13x0_sdk_4_20_02_07/source\ti/drivers/lib/drivers_cc13x0.am3g(PowerCC26XX_calibrateRCOSC.om3g)
                0x00005290                PowerCC26XX_doCalibrate
 .text.PowerCC26XX_auxISR
                0x00005478      0x2f4 C:/ti/simplelink_cc13x0_sdk_4_20_02_07/source\ti/drivers/lib/drivers_cc13x0.am3g(PowerCC26XX_calibrateRCOSC.om3g)
                0x00005478                PowerCC26XX_auxISR
 .text.PowerCC26XX_RCOSC_clockFunc
                0x0000576c       0x64 C:/ti/simplelink_cc13x0_sdk_4_20_02_07/source\ti/drivers/lib/drivers_cc13x0.am3g(PowerCC26XX_calibrateRCOSC.om3g)
                0x0000576c                PowerCC26XX_RCOSC_clockFunc
 .text.SPI_close
                0x000057d0        0x8 C:/ti/simplelink_cc13x0_sdk_4_20_02_07/source\ti/drivers/lib/drivers_cc13x0.am3g(SPI.om3g)
                0x000057d0                SPI_close
 .text.SPI_init
                0x000057d8       0x50 C:/ti/simplelink_cc13x0_sdk_4_20_02_07/source\ti/drivers/lib/drivers_cc13x0.am3g(SPI.om3g)
                0x000057d8                SPI_init
 .text.SPI_open
                0x00005828       0x40 C:/ti/simplelink_cc13x0_sdk_4_20_02_07/source\ti/drivers/lib/drivers_cc13x0.am3g(SPI.om3g)
                0x00005828                SPI_open
 .text.SPI_Params_init
                0x00005868       0x1c C:/ti/simplelink_cc13x0_sdk_4_20_02_07/source\ti/drivers/lib/drivers_cc13x0.am3g(SPI.om3g)
                0x00005868                SPI_Params_init
 .text.SPI_transfer
                0x00005884        0x8 C:/ti/simplelink_cc13x0_sdk_4_20_02_07/source\ti/drivers/lib/drivers_cc13x0.am3g(SPI.om3g)
                0x00005884                SPI_transfer
 .text.SPICC26XXDMA_configDMA
                0x0000588c      0x110 C:/ti/simplelink_cc13x0_sdk_4_20_02_07/source\ti/drivers/lib/drivers_cc13x0.am3g(SPICC26XXDMA.om3g)
 .text.SPICC26XXDMA_init
                0x0000599c       0x10 C:/ti/simplelink_cc13x0_sdk_4_20_02_07/source\ti/drivers/lib/drivers_cc13x0.am3g(SPICC26XXDMA.om3g)
                0x0000599c                SPICC26XXDMA_init
 .text.SPICC26XXDMA_close
                0x000059ac       0x54 C:/ti/simplelink_cc13x0_sdk_4_20_02_07/source\ti/drivers/lib/drivers_cc13x0.am3g(SPICC26XXDMA.om3g)
                0x000059ac                SPICC26XXDMA_close
 .text.SPICC26XXDMA_control
                0x00005a00       0x98 C:/ti/simplelink_cc13x0_sdk_4_20_02_07/source\ti/drivers/lib/drivers_cc13x0.am3g(SPICC26XXDMA.om3g)
                0x00005a00                SPICC26XXDMA_control
 .text.SPICC26XXDMA_transferCallback
                0x00005a98        0x8 C:/ti/simplelink_cc13x0_sdk_4_20_02_07/source\ti/drivers/lib/drivers_cc13x0.am3g(SPICC26XXDMA.om3g)
 .text.SPICC26XXDMA_flushFifos.isra.5
                0x00005aa0       0x44 C:/ti/simplelink_cc13x0_sdk_4_20_02_07/source\ti/drivers/lib/drivers_cc13x0.am3g(SPICC26XXDMA.om3g)
 .text.SPICC26XXDMA_initHw.isra.7
                0x00005ae4       0x5c C:/ti/simplelink_cc13x0_sdk_4_20_02_07/source\ti/drivers/lib/drivers_cc13x0.am3g(SPICC26XXDMA.om3g)
 .text.spiPostNotify
                0x00005b40       0x10 C:/ti/simplelink_cc13x0_sdk_4_20_02_07/source\ti/drivers/lib/drivers_cc13x0.am3g(SPICC26XXDMA.om3g)
 .text.SPICC26XXDMA_open
                0x00005b50      0x298 C:/ti/simplelink_cc13x0_sdk_4_20_02_07/source\ti/drivers/lib/drivers_cc13x0.am3g(SPICC26XXDMA.om3g)
                0x00005b50                SPICC26XXDMA_open
 .text.SPICC26XXDMA_swiFxn
                0x00005de8       0x90 C:/ti/simplelink_cc13x0_sdk_4_20_02_07/source\ti/drivers/lib/drivers_cc13x0.am3g(SPICC26XXDMA.om3g)
 .text.SPICC26XXDMA_transferCancel
                0x00005e78       0xec C:/ti/simplelink_cc13x0_sdk_4_20_02_07/source\ti/drivers/lib/drivers_cc13x0.am3g(SPICC26XXDMA.om3g)
                0x00005e78                SPICC26XXDMA_transferCancel
 .text.SPICC26XXDMA_csnCallback
                0x00005f64       0x44 C:/ti/simplelink_cc13x0_sdk_4_20_02_07/source\ti/drivers/lib/drivers_cc13x0.am3g(SPICC26XXDMA.om3g)
 .text.SPICC26XXDMA_hwiFxn
                0x00005fa8       0xac C:/ti/simplelink_cc13x0_sdk_4_20_02_07/source\ti/drivers/lib/drivers_cc13x0.am3g(SPICC26XXDMA.om3g)
 .text.SPICC26XXDMA_transfer
                0x00006054      0x24c C:/ti/simplelink_cc13x0_sdk_4_20_02_07/source\ti/drivers/lib/drivers_cc13x0.am3g(SPICC26XXDMA.om3g)
                0x00006054                SPICC26XXDMA_transfer
 .text.UART_close
                0x000062a0        0x8 C:/ti/simplelink_cc13x0_sdk_4_20_02_07/source\ti/drivers/lib/drivers_cc13x0.am3g(UART.om3g)
                0x000062a0                UART_close
 .text.UART_control
                0x000062a8        0x8 C:/ti/simplelink_cc13x0_sdk_4_20_02_07/source\ti/drivers/lib/drivers_cc13x0.am3g(UART.om3g)
                0x000062a8                UART_control
 .text.UART_init
                0x000062b0       0x50 C:/ti/simplelink_cc13x0_sdk_4_20_02_07/source\ti/drivers/lib/drivers_cc13x0.am3g(UART.om3g)
                0x000062b0                UART_init
 .text.UART_open
                0x00006300       0x40 C:/ti/simplelink_cc13x0_sdk_4_20_02_07/source\ti/drivers/lib/drivers_cc13x0.am3g(UART.om3g)
                0x00006300                UART_open
 .text.UART_Params_init
                0x00006340       0x1c C:/ti/simplelink_cc13x0_sdk_4_20_02_07/source\ti/drivers/lib/drivers_cc13x0.am3g(UART.om3g)
                0x00006340                UART_Params_init
 .text.UART_write
                0x0000635c        0x8 C:/ti/simplelink_cc13x0_sdk_4_20_02_07/source\ti/drivers/lib/drivers_cc13x0.am3g(UART.om3g)
                0x0000635c                UART_write
 .text.UARTCC26XX_init
                0x00006364        0x8 C:/ti/simplelink_cc13x0_sdk_4_20_02_07/source\ti/drivers/lib/drivers_cc13x0.am3g(UARTCC26XX.om3g)
                0x00006364                UARTCC26XX_init
 .text.UARTCC26XX_readPolling
                0x0000636c        0x8 C:/ti/simplelink_cc13x0_sdk_4_20_02_07/source\ti/drivers/lib/drivers_cc13x0.am3g(UARTCC26XX.om3g)
                0x0000636c                UARTCC26XX_readPolling
 .text.writeFinishedDoCallback
                0x00006374       0x40 C:/ti/simplelink_cc13x0_sdk_4_20_02_07/source\ti/drivers/lib/drivers_cc13x0.am3g(UARTCC26XX.om3g)
 .text.threadSafeStdbyDisRelease
                0x000063b4       0x24 C:/ti/simplelink_cc13x0_sdk_4_20_02_07/source\ti/drivers/lib/drivers_cc13x0.am3g(UARTCC26XX.om3g)
 .text.UARTCC26XX_control
                0x000063d8       0x5c C:/ti/simplelink_cc13x0_sdk_4_20_02_07/source\ti/drivers/lib/drivers_cc13x0.am3g(UARTCC26XX.om3g)
                0x000063d8                UARTCC26XX_control
 .text.readSemCallback
                0x00006434        0x8 C:/ti/simplelink_cc13x0_sdk_4_20_02_07/source\ti/drivers/lib/drivers_cc13x0.am3g(UARTCC26XX.om3g)
 .text.writeSemCallback
                0x0000643c        0x8 C:/ti/simplelink_cc13x0_sdk_4_20_02_07/source\ti/drivers/lib/drivers_cc13x0.am3g(UARTCC26XX.om3g)
 .text.writeTxFifoFlush
                0x00006444       0x84 C:/ti/simplelink_cc13x0_sdk_4_20_02_07/source\ti/drivers/lib/drivers_cc13x0.am3g(UARTCC26XX.om3g)
 .text.writeData.isra.1
                0x000064c8       0x40 C:/ti/simplelink_cc13x0_sdk_4_20_02_07/source\ti/drivers/lib/drivers_cc13x0.am3g(UARTCC26XX.om3g)
 .text.readData.isra.2
                0x00006508       0x44 C:/ti/simplelink_cc13x0_sdk_4_20_02_07/source\ti/drivers/lib/drivers_cc13x0.am3g(UARTCC26XX.om3g)
 .text.readData2RingBuf.isra.3
                0x0000654c       0x38 C:/ti/simplelink_cc13x0_sdk_4_20_02_07/source\ti/drivers/lib/drivers_cc13x0.am3g(UARTCC26XX.om3g)
 .text.startTxFifoEmptyClk.isra.4
                0x00006584       0x50 C:/ti/simplelink_cc13x0_sdk_4_20_02_07/source\ti/drivers/lib/drivers_cc13x0.am3g(UARTCC26XX.om3g)
 .text.UARTCC26XX_initHw.isra.5
                0x000065d4       0xb4 C:/ti/simplelink_cc13x0_sdk_4_20_02_07/source\ti/drivers/lib/drivers_cc13x0.am3g(UARTCC26XX.om3g)
 .text.uartPostNotify
                0x00006688       0x18 C:/ti/simplelink_cc13x0_sdk_4_20_02_07/source\ti/drivers/lib/drivers_cc13x0.am3g(UARTCC26XX.om3g)
 .text.UARTCC26XX_open
                0x000066a0      0x200 C:/ti/simplelink_cc13x0_sdk_4_20_02_07/source\ti/drivers/lib/drivers_cc13x0.am3g(UARTCC26XX.om3g)
                0x000066a0                UARTCC26XX_open
 .text.UARTCC26XX_writePolling
                0x000068a0        0x8 C:/ti/simplelink_cc13x0_sdk_4_20_02_07/source\ti/drivers/lib/drivers_cc13x0.am3g(UARTCC26XX.om3g)
                0x000068a0                UARTCC26XX_writePolling
 .text.UARTCC26XX_write
                0x000068a8       0xfc C:/ti/simplelink_cc13x0_sdk_4_20_02_07/source\ti/drivers/lib/drivers_cc13x0.am3g(UARTCC26XX.om3g)
                0x000068a8                UARTCC26XX_write
 .text.UARTCC26XX_readCancel
                0x000069a4       0x68 C:/ti/simplelink_cc13x0_sdk_4_20_02_07/source\ti/drivers/lib/drivers_cc13x0.am3g(UARTCC26XX.om3g)
                0x000069a4                UARTCC26XX_readCancel
 .text.UARTCC26XX_hwiIntFxn
                0x00006a0c      0x1ec C:/ti/simplelink_cc13x0_sdk_4_20_02_07/source\ti/drivers/lib/drivers_cc13x0.am3g(UARTCC26XX.om3g)
                0x00006a0c                UARTCC26XX_hwiIntFxn
 .text.UARTCC26XX_writeCancel
                0x00006bf8       0x9c C:/ti/simplelink_cc13x0_sdk_4_20_02_07/source\ti/drivers/lib/drivers_cc13x0.am3g(UARTCC26XX.om3g)
                0x00006bf8                UARTCC26XX_writeCancel
 .text.UARTCC26XX_close
                0x00006c94       0x8c C:/ti/simplelink_cc13x0_sdk_4_20_02_07/source\ti/drivers/lib/drivers_cc13x0.am3g(UARTCC26XX.om3g)
                0x00006c94                UARTCC26XX_close
 .text.UARTCC26XX_swiIntFxn
                0x00006d20       0x94 C:/ti/simplelink_cc13x0_sdk_4_20_02_07/source\ti/drivers/lib/drivers_cc13x0.am3g(UARTCC26XX.om3g)
                0x00006d20                UARTCC26XX_swiIntFxn
 .text.UARTCC26XX_read
                0x00006db4      0x194 C:/ti/simplelink_cc13x0_sdk_4_20_02_07/source\ti/drivers/lib/drivers_cc13x0.am3g(UARTCC26XX.om3g)
                0x00006db4                UARTCC26XX_read
 .text.RingBuf_construct
                0x00006f48       0x18 C:/ti/simplelink_cc13x0_sdk_4_20_02_07/source\ti/drivers/lib/drivers_cc13x0.am3g(RingBuf.om3g)
                0x00006f48                RingBuf_construct
 .text.RingBuf_get
                0x00006f60       0x40 C:/ti/simplelink_cc13x0_sdk_4_20_02_07/source\ti/drivers/lib/drivers_cc13x0.am3g(RingBuf.om3g)
                0x00006f60                RingBuf_get
 .text.RingBuf_put
                0x00006fa0       0x48 C:/ti/simplelink_cc13x0_sdk_4_20_02_07/source\ti/drivers/lib/drivers_cc13x0.am3g(RingBuf.om3g)
                0x00006fa0                RingBuf_put
 .text.NoRTOS_start
                0x00006fe8        0x4 C:/ti/simplelink_cc13x0_sdk_4_20_02_07/kernel/nortos\lib/nortos_cc13x0.am3g(NoRTOS.om3g)
                0x00006fe8                NoRTOS_start
 .text.clkFxn   0x00006fec        0x4 C:/ti/simplelink_cc13x0_sdk_4_20_02_07/kernel/nortos\lib/nortos_cc13x0.am3g(SemaphoreP_nortos.om3g)
                0x00006fec                clkFxn
 .text.SemaphoreP_construct
                0x00006ff0       0x5c C:/ti/simplelink_cc13x0_sdk_4_20_02_07/kernel/nortos\lib/nortos_cc13x0.am3g(SemaphoreP_nortos.om3g)
                0x00006ff0                SemaphoreP_construct
 .text.SemaphoreP_constructBinary
                0x0000704c       0x2c C:/ti/simplelink_cc13x0_sdk_4_20_02_07/kernel/nortos\lib/nortos_cc13x0.am3g(SemaphoreP_nortos.om3g)
                0x0000704c                SemaphoreP_constructBinary
 .text.SemaphoreP_createBinary
                0x00007078       0x30 C:/ti/simplelink_cc13x0_sdk_4_20_02_07/kernel/nortos\lib/nortos_cc13x0.am3g(SemaphoreP_nortos.om3g)
                0x00007078                SemaphoreP_createBinary
 .text.SemaphoreP_destruct
                0x000070a8        0x4 C:/ti/simplelink_cc13x0_sdk_4_20_02_07/kernel/nortos\lib/nortos_cc13x0.am3g(SemaphoreP_nortos.om3g)
                0x000070a8                SemaphoreP_destruct
 .text.SemaphoreP_delete
                0x000070ac        0x4 C:/ti/simplelink_cc13x0_sdk_4_20_02_07/kernel/nortos\lib/nortos_cc13x0.am3g(SemaphoreP_nortos.om3g)
                0x000070ac                SemaphoreP_delete
 .text.SemaphoreP_pend
                0x000070b0       0xb4 C:/ti/simplelink_cc13x0_sdk_4_20_02_07/kernel/nortos\lib/nortos_cc13x0.am3g(SemaphoreP_nortos.om3g)
                0x000070b0                SemaphoreP_pend
 .text.SemaphoreP_post
                0x00007164       0x4c C:/ti/simplelink_cc13x0_sdk_4_20_02_07/kernel/nortos\lib/nortos_cc13x0.am3g(SemaphoreP_nortos.om3g)
                0x00007164                SemaphoreP_post
 .text.SwiP_construct.part.0
                0x000071b0      0x100 C:/ti/simplelink_cc13x0_sdk_4_20_02_07/kernel/nortos\lib/nortos_cc13x0.am3g(SwiP_nortos.om3g)
 .text.SwiP_Params_init
                0x000072b0       0x10 C:/ti/simplelink_cc13x0_sdk_4_20_02_07/kernel/nortos\lib/nortos_cc13x0.am3g(SwiP_nortos.om3g)
                0x000072b0                SwiP_Params_init
 .text.SwiP_construct
                0x000072c0        0x8 C:/ti/simplelink_cc13x0_sdk_4_20_02_07/kernel/nortos\lib/nortos_cc13x0.am3g(SwiP_nortos.om3g)
                0x000072c0                SwiP_construct
 .text.SwiP_destruct
                0x000072c8       0x38 C:/ti/simplelink_cc13x0_sdk_4_20_02_07/kernel/nortos\lib/nortos_cc13x0.am3g(SwiP_nortos.om3g)
                0x000072c8                SwiP_destruct
 .text.SwiP_disable
                0x00007300       0x1c C:/ti/simplelink_cc13x0_sdk_4_20_02_07/kernel/nortos\lib/nortos_cc13x0.am3g(SwiP_nortos.om3g)
                0x00007300                SwiP_disable
 .text.SwiP_dispatch
                0x0000731c       0xac C:/ti/simplelink_cc13x0_sdk_4_20_02_07/kernel/nortos\lib/nortos_cc13x0.am3g(SwiP_nortos.om3g)
                0x0000731c                SwiP_dispatch
 .text.SwiP_handleHwi
                0x000073c8       0x18 C:/ti/simplelink_cc13x0_sdk_4_20_02_07/kernel/nortos\lib/nortos_cc13x0.am3g(SwiP_nortos.om3g)
 .text.SwiP_getTrigger
                0x000073e0        0xc C:/ti/simplelink_cc13x0_sdk_4_20_02_07/kernel/nortos\lib/nortos_cc13x0.am3g(SwiP_nortos.om3g)
                0x000073e0                SwiP_getTrigger
 .text.SwiP_post
                0x000073ec       0x70 C:/ti/simplelink_cc13x0_sdk_4_20_02_07/kernel/nortos\lib/nortos_cc13x0.am3g(SwiP_nortos.om3g)
                0x000073ec                SwiP_post
 .text.SwiP_or  0x0000745c       0x20 C:/ti/simplelink_cc13x0_sdk_4_20_02_07/kernel/nortos\lib/nortos_cc13x0.am3g(SwiP_nortos.om3g)
                0x0000745c                SwiP_or
 .text.SwiP_restore
                0x0000747c       0x48 C:/ti/simplelink_cc13x0_sdk_4_20_02_07/kernel/nortos\lib/nortos_cc13x0.am3g(SwiP_nortos.om3g)
                0x0000747c                SwiP_restore
 .text.formatNum
                0x000074c4       0x3c C:/ti/simplelink_cc13x0_sdk_4_20_02_07/kernel/nortos\lib/nortos_cc13x0.am3g(SystemP_nortos.om3g)
 .text.doPrint  0x00007500      0x48c C:/ti/simplelink_cc13x0_sdk_4_20_02_07/kernel/nortos\lib/nortos_cc13x0.am3g(SystemP_nortos.om3g)
 .text.SystemP_vsnprintf
                0x0000798c        0x4 C:/ti/simplelink_cc13x0_sdk_4_20_02_07/kernel/nortos\lib/nortos_cc13x0.am3g(SystemP_nortos.om3g)
                0x0000798c                SystemP_vsnprintf
 .text.ClockP_doTick
                0x00007990        0xc C:/ti/simplelink_cc13x0_sdk_4_20_02_07/kernel/nortos\lib/nortos_cc13x0.am3g(ClockPTimer_nortos.om3g)
                0x00007990                ClockP_doTick
 .text.sleepTicks.part.0
                0x0000799c       0x20 C:/ti/simplelink_cc13x0_sdk_4_20_02_07/kernel/nortos\lib/nortos_cc13x0.am3g(ClockPTimer_nortos.om3g)
 .text.ClockP_startup.part.1
                0x000079bc       0xa8 C:/ti/simplelink_cc13x0_sdk_4_20_02_07/kernel/nortos\lib/nortos_cc13x0.am3g(ClockPTimer_nortos.om3g)
 .text.ClockP_Params_init
                0x00007a64       0x10 C:/ti/simplelink_cc13x0_sdk_4_20_02_07/kernel/nortos\lib/nortos_cc13x0.am3g(ClockPTimer_nortos.om3g)
                0x00007a64                ClockP_Params_init
 .text.ClockP_startup
                0x00007a74       0x10 C:/ti/simplelink_cc13x0_sdk_4_20_02_07/kernel/nortos\lib/nortos_cc13x0.am3g(ClockPTimer_nortos.om3g)
                0x00007a74                ClockP_startup
 .text.ClockP_getTicks
                0x00007a84       0x24 C:/ti/simplelink_cc13x0_sdk_4_20_02_07/kernel/nortos\lib/nortos_cc13x0.am3g(ClockPTimer_nortos.om3g)
                0x00007a84                ClockP_getTicks
 .text.ClockP_getTicksUntilInterrupt
                0x00007aa8       0x30 C:/ti/simplelink_cc13x0_sdk_4_20_02_07/kernel/nortos\lib/nortos_cc13x0.am3g(ClockPTimer_nortos.om3g)
                0x00007aa8                ClockP_getTicksUntilInterrupt
 .text.ClockP_walkQueueDynamic
                0x00007ad8       0x70 C:/ti/simplelink_cc13x0_sdk_4_20_02_07/kernel/nortos\lib/nortos_cc13x0.am3g(ClockPTimer_nortos.om3g)
                0x00007ad8                ClockP_walkQueueDynamic
 .text.ClockP_workFuncDynamic
                0x00007b48       0xc0 C:/ti/simplelink_cc13x0_sdk_4_20_02_07/kernel/nortos\lib/nortos_cc13x0.am3g(ClockPTimer_nortos.om3g)
                0x00007b48                ClockP_workFuncDynamic
 .text.ClockP_add
                0x00007c08       0x1c C:/ti/simplelink_cc13x0_sdk_4_20_02_07/kernel/nortos\lib/nortos_cc13x0.am3g(ClockPTimer_nortos.om3g)
                0x00007c08                ClockP_add
 .text.ClockP_destruct
                0x00007c24       0x1c C:/ti/simplelink_cc13x0_sdk_4_20_02_07/kernel/nortos\lib/nortos_cc13x0.am3g(ClockPTimer_nortos.om3g)
                0x00007c24                ClockP_destruct
 .text.ClockP_start
                0x00007c40       0x84 C:/ti/simplelink_cc13x0_sdk_4_20_02_07/kernel/nortos\lib/nortos_cc13x0.am3g(ClockPTimer_nortos.om3g)
                0x00007c40                ClockP_start
 .text.ClockP_construct
                0x00007cc4       0x54 C:/ti/simplelink_cc13x0_sdk_4_20_02_07/kernel/nortos\lib/nortos_cc13x0.am3g(ClockPTimer_nortos.om3g)
                0x00007cc4                ClockP_construct
 .text.ClockP_stop
                0x00007d18        0x8 C:/ti/simplelink_cc13x0_sdk_4_20_02_07/kernel/nortos\lib/nortos_cc13x0.am3g(ClockPTimer_nortos.om3g)
                0x00007d18                ClockP_stop
 .text.ClockP_setTimeout
                0x00007d20        0x4 C:/ti/simplelink_cc13x0_sdk_4_20_02_07/kernel/nortos\lib/nortos_cc13x0.am3g(ClockPTimer_nortos.om3g)
                0x00007d20                ClockP_setTimeout
 .text.ClockP_getTimeout
                0x00007d24       0x14 C:/ti/simplelink_cc13x0_sdk_4_20_02_07/kernel/nortos\lib/nortos_cc13x0.am3g(ClockPTimer_nortos.om3g)
                0x00007d24                ClockP_getTimeout
 .text.ClockP_isActive
                0x00007d38        0x4 C:/ti/simplelink_cc13x0_sdk_4_20_02_07/kernel/nortos\lib/nortos_cc13x0.am3g(ClockPTimer_nortos.om3g)
                0x00007d38                ClockP_isActive
 .text.ClockP_getCpuFreq
                0x00007d3c       0x10 C:/ti/simplelink_cc13x0_sdk_4_20_02_07/kernel/nortos\lib/nortos_cc13x0.am3g(ClockPTimer_nortos.om3g)
                0x00007d3c                ClockP_getCpuFreq
 .text.ClockP_usleep
                0x00007d4c       0x74 C:/ti/simplelink_cc13x0_sdk_4_20_02_07/kernel/nortos\lib/nortos_cc13x0.am3g(ClockPTimer_nortos.om3g)
                0x00007d4c                ClockP_usleep
 .text.TimerP_dynamicStub
                0x00007dc0       0x18 C:/ti/simplelink_cc13x0_sdk_4_20_02_07/kernel/nortos\lib/nortos_cc13x0.am3g(TimerPCC26XX_nortos.om3g)
                0x00007dc0                TimerP_dynamicStub
 .text.TimerP_Params_init
                0x00007dd8       0x10 C:/ti/simplelink_cc13x0_sdk_4_20_02_07/kernel/nortos\lib/nortos_cc13x0.am3g(TimerPCC26XX_nortos.om3g)
                0x00007dd8                TimerP_Params_init
 .text.TimerP_getMaxTicks
                0x00007de8       0x24 C:/ti/simplelink_cc13x0_sdk_4_20_02_07/kernel/nortos\lib/nortos_cc13x0.am3g(TimerPCC26XX_nortos.om3g)
                0x00007de8                TimerP_getMaxTicks
 .text.TimerP_setThreshold
                0x00007e0c       0x34 C:/ti/simplelink_cc13x0_sdk_4_20_02_07/kernel/nortos\lib/nortos_cc13x0.am3g(TimerPCC26XX_nortos.om3g)
                0x00007e0c                TimerP_setThreshold
 .text.TimerP_setNextTick
                0x00007e40       0x30 C:/ti/simplelink_cc13x0_sdk_4_20_02_07/kernel/nortos\lib/nortos_cc13x0.am3g(TimerPCC26XX_nortos.om3g)
                0x00007e40                TimerP_setNextTick
 .text.TimerP_start
                0x00007e70       0x80 C:/ti/simplelink_cc13x0_sdk_4_20_02_07/kernel/nortos\lib/nortos_cc13x0.am3g(TimerPCC26XX_nortos.om3g)
                0x00007e70                TimerP_start
 .text.TimerP_construct.part.0
                0x00007ef0      0x100 C:/ti/simplelink_cc13x0_sdk_4_20_02_07/kernel/nortos\lib/nortos_cc13x0.am3g(TimerPCC26XX_nortos.om3g)
 .text.TimerP_construct
                0x00007ff0       0x10 C:/ti/simplelink_cc13x0_sdk_4_20_02_07/kernel/nortos\lib/nortos_cc13x0.am3g(TimerPCC26XX_nortos.om3g)
                0x00007ff0                TimerP_construct
 .text.TimerP_getCount64
                0x00008000        0x4 C:/ti/simplelink_cc13x0_sdk_4_20_02_07/kernel/nortos\lib/nortos_cc13x0.am3g(TimerPCC26XX_nortos.om3g)
                0x00008000                TimerP_getCount64
 .text.TimerP_getFreq
                0x00008004        0xc C:/ti/simplelink_cc13x0_sdk_4_20_02_07/kernel/nortos\lib/nortos_cc13x0.am3g(TimerPCC26XX_nortos.om3g)
                0x00008004                TimerP_getFreq
 .text.TimerP_getCurrentTick
                0x00008010       0x2c C:/ti/simplelink_cc13x0_sdk_4_20_02_07/kernel/nortos\lib/nortos_cc13x0.am3g(TimerPCC26XX_nortos.om3g)
                0x00008010                TimerP_getCurrentTick
 .text.HwiP_dispatch
                0x0000803c       0x1c C:/ti/simplelink_cc13x0_sdk_4_20_02_07/kernel/nortos\lib/nortos_cc13x0.am3g(HwiPCC26XX_nortos.om3g)
 .text.HwiP_enable
                0x00008058        0x4 C:/ti/simplelink_cc13x0_sdk_4_20_02_07/kernel/nortos\lib/nortos_cc13x0.am3g(HwiPCC26XX_nortos.om3g)
                0x00008058                HwiP_enable
 .text.HwiP_disable
                0x0000805c       0x10 C:/ti/simplelink_cc13x0_sdk_4_20_02_07/kernel/nortos\lib/nortos_cc13x0.am3g(HwiPCC26XX_nortos.om3g)
                0x0000805c                HwiP_disable
 .text.HwiP_restore
                0x0000806c        0x8 C:/ti/simplelink_cc13x0_sdk_4_20_02_07/kernel/nortos\lib/nortos_cc13x0.am3g(HwiPCC26XX_nortos.om3g)
                0x0000806c                HwiP_restore
 .text.HwiP_destruct
                0x00008074       0x1c C:/ti/simplelink_cc13x0_sdk_4_20_02_07/kernel/nortos\lib/nortos_cc13x0.am3g(HwiPCC26XX_nortos.om3g)
                0x00008074                HwiP_destruct
 .text.HwiP_enableInterrupt
                0x00008090        0xc C:/ti/simplelink_cc13x0_sdk_4_20_02_07/kernel/nortos\lib/nortos_cc13x0.am3g(HwiPCC26XX_nortos.om3g)
                0x00008090                HwiP_enableInterrupt
 .text.HwiP_construct
                0x0000809c       0x88 C:/ti/simplelink_cc13x0_sdk_4_20_02_07/kernel/nortos\lib/nortos_cc13x0.am3g(HwiPCC26XX_nortos.om3g)
                0x0000809c                HwiP_construct
 .text.HwiP_Params_init
                0x00008124       0x14 C:/ti/simplelink_cc13x0_sdk_4_20_02_07/kernel/nortos\lib/nortos_cc13x0.am3g(HwiPCC26XX_nortos.om3g)
                0x00008124                HwiP_Params_init
 .text.HwiP_setFunc
                0x00008138       0x1c C:/ti/simplelink_cc13x0_sdk_4_20_02_07/kernel/nortos\lib/nortos_cc13x0.am3g(HwiPCC26XX_nortos.om3g)
                0x00008138                HwiP_setFunc
 .text.HwiP_post
                0x00008154        0xc C:/ti/simplelink_cc13x0_sdk_4_20_02_07/kernel/nortos\lib/nortos_cc13x0.am3g(HwiPCC26XX_nortos.om3g)
                0x00008154                HwiP_post
 .text.HwiP_inISR
                0x00008160       0x14 C:/ti/simplelink_cc13x0_sdk_4_20_02_07/kernel/nortos\lib/nortos_cc13x0.am3g(HwiPCC26XX_nortos.om3g)
                0x00008160                HwiP_inISR
 .text.PowerCC26XX_standbyPolicy
                0x00008174      0x100 C:/ti/simplelink_cc13x0_sdk_4_20_02_07/kernel/nortos\lib/nortos_cc13x0.am3g(PowerCC26XX_nortos.om3g)
                0x00008174                PowerCC26XX_standbyPolicy
 .text.PowerCC26XX_schedulerDisable
                0x00008274       0x10 C:/ti/simplelink_cc13x0_sdk_4_20_02_07/kernel/nortos\lib/nortos_cc13x0.am3g(PowerCC26XX_nortos.om3g)
                0x00008274                PowerCC26XX_schedulerDisable
 .text.PowerCC26XX_schedulerRestore
                0x00008284        0xc C:/ti/simplelink_cc13x0_sdk_4_20_02_07/kernel/nortos\lib/nortos_cc13x0.am3g(PowerCC26XX_nortos.om3g)
                0x00008284                PowerCC26XX_schedulerRestore
 .text.resetISR
                0x00008290       0x10 C:/ti/simplelink_cc13x0_sdk_4_20_02_07/kernel/nortos\lib/nortos_cc13x0.am3g(startup_cc13xx_cc26xx_gcc.om3g)
                0x00008290                resetISR
 .text.nmiISR   0x000082a0        0x4 C:/ti/simplelink_cc13x0_sdk_4_20_02_07/kernel/nortos\lib/nortos_cc13x0.am3g(startup_cc13xx_cc26xx_gcc.om3g)
 .text.faultISR
                0x000082a4        0x4 C:/ti/simplelink_cc13x0_sdk_4_20_02_07/kernel/nortos\lib/nortos_cc13x0.am3g(startup_cc13xx_cc26xx_gcc.om3g)
 .text.busFaultHandler
                0x000082a8        0x4 C:/ti/simplelink_cc13x0_sdk_4_20_02_07/kernel/nortos\lib/nortos_cc13x0.am3g(startup_cc13xx_cc26xx_gcc.om3g)
 .text.defaultHandler
                0x000082ac        0x4 C:/ti/simplelink_cc13x0_sdk_4_20_02_07/kernel/nortos\lib/nortos_cc13x0.am3g(startup_cc13xx_cc26xx_gcc.om3g)
 .text.localProgramStart
                0x000082b0       0x8c C:/ti/simplelink_cc13x0_sdk_4_20_02_07/kernel/nortos\lib/nortos_cc13x0.am3g(startup_cc13xx_cc26xx_gcc.om3g)
                0x000082b0                localProgramStart
 .text._fini    0x0000833c        0x4 C:/ti/simplelink_cc13x0_sdk_4_20_02_07/kernel/nortos\lib/nortos_cc13x0.am3g(startup_cc13xx_cc26xx_gcc.om3g)
                0x0000833c                _fini
 .text.QueueP_init
                0x00008340        0x8 C:/ti/simplelink_cc13x0_sdk_4_20_02_07/kernel/nortos\lib/nortos_cc13x0.am3g(QueueP_nortos.om3g)
                0x00008340                QueueP_init
 .text.QueueP_empty
                0x00008348        0xc C:/ti/simplelink_cc13x0_sdk_4_20_02_07/kernel/nortos\lib/nortos_cc13x0.am3g(QueueP_nortos.om3g)
                0x00008348                QueueP_empty
 .text.QueueP_get
                0x00008354       0x1c C:/ti/simplelink_cc13x0_sdk_4_20_02_07/kernel/nortos\lib/nortos_cc13x0.am3g(QueueP_nortos.om3g)
                0x00008354                QueueP_get
 .text.QueueP_head
                0x00008370        0x4 C:/ti/simplelink_cc13x0_sdk_4_20_02_07/kernel/nortos\lib/nortos_cc13x0.am3g(QueueP_nortos.om3g)
                0x00008370                QueueP_head
 .text.QueueP_next
                0x00008374        0x4 C:/ti/simplelink_cc13x0_sdk_4_20_02_07/kernel/nortos\lib/nortos_cc13x0.am3g(QueueP_nortos.om3g)
                0x00008374                QueueP_next
 .text.QueueP_put
                0x00008378       0x20 C:/ti/simplelink_cc13x0_sdk_4_20_02_07/kernel/nortos\lib/nortos_cc13x0.am3g(QueueP_nortos.om3g)
                0x00008378                QueueP_put
 .text.QueueP_remove
                0x00008398       0x10 C:/ti/simplelink_cc13x0_sdk_4_20_02_07/kernel/nortos\lib/nortos_cc13x0.am3g(QueueP_nortos.om3g)
                0x00008398                QueueP_remove
 .text.NOROM_ChipInfo_GetPackageType
                0x000083a8       0x18 C:/ti/simplelink_cc13x0_sdk_4_20_02_07/source\ti/devices/cc13x0/driverlib/bin/gcc/driverlib.lib(chipinfo.o)
                0x000083a8                NOROM_ChipInfo_GetPackageType
 .text.NOROM_ChipInfo_GetChipFamily
                0x000083c0       0x1c C:/ti/simplelink_cc13x0_sdk_4_20_02_07/source\ti/devices/cc13x0/driverlib/bin/gcc/driverlib.lib(chipinfo.o)
                0x000083c0                NOROM_ChipInfo_GetChipFamily
 .text.NOROM_ChipInfo_GetChipType
                0x000083dc       0x30 C:/ti/simplelink_cc13x0_sdk_4_20_02_07/source\ti/devices/cc13x0/driverlib/bin/gcc/driverlib.lib(chipinfo.o)
                0x000083dc                NOROM_ChipInfo_GetChipType
 .text.NOROM_ChipInfo_GetHwRevision
                0x0000840c       0x3c C:/ti/simplelink_cc13x0_sdk_4_20_02_07/source\ti/devices/cc13x0/driverlib/bin/gcc/driverlib.lib(chipinfo.o)
                0x0000840c                NOROM_ChipInfo_GetHwRevision
 .text.NOROM_ThisLibraryIsFor_CC13x0_HwRev20AndLater_HaltIfViolated
                0x00008448       0x16 C:/ti/simplelink_cc13x0_sdk_4_20_02_07/source\ti/devices/cc13x0/driverlib/bin/gcc/driverlib.lib(chipinfo.o)
                0x00008448                NOROM_ThisLibraryIsFor_CC13x0_HwRev20AndLater_HaltIfViolated
 *fill*         0x0000845e        0x2 
 .text.TrimAfterColdResetWakeupFromShutDown
                0x00008460       0xd0 C:/ti/simplelink_cc13x0_sdk_4_20_02_07/source\ti/devices/cc13x0/driverlib/bin/gcc/driverlib.lib(setup.o)
 .text.NOROM_SetupTrimDevice
                0x00008530       0xa4 C:/ti/simplelink_cc13x0_sdk_4_20_02_07/source\ti/devices/cc13x0/driverlib/bin/gcc/driverlib.lib(setup.o)
                0x00008530                NOROM_SetupTrimDevice
 .text.NOROM_SysCtrlSetRechargeBeforePowerDown
                0x000085d4      0x210 C:/ti/simplelink_cc13x0_sdk_4_20_02_07/source\ti/devices/cc13x0/driverlib/bin/gcc/driverlib.lib(sys_ctrl.o)
                0x000085d4                NOROM_SysCtrlSetRechargeBeforePowerDown
 .text.NOROM_SysCtrlAdjustRechargeAfterPowerDown
                0x000087e4       0x6c C:/ti/simplelink_cc13x0_sdk_4_20_02_07/source\ti/devices/cc13x0/driverlib/bin/gcc/driverlib.lib(sys_ctrl.o)
                0x000087e4                NOROM_SysCtrlAdjustRechargeAfterPowerDown
 .text.NOROM_SysCtrl_DCDC_VoltageConditionalControl
                0x00008850       0x78 C:/ti/simplelink_cc13x0_sdk_4_20_02_07/source\ti/devices/cc13x0/driverlib/bin/gcc/driverlib.lib(sys_ctrl.o)
                0x00008850                NOROM_SysCtrl_DCDC_VoltageConditionalControl
 .text.NOROM_CPUcpsid
                0x000088c8        0x8 C:/ti/simplelink_cc13x0_sdk_4_20_02_07/source\ti/devices/cc13x0/driverlib/bin/gcc/driverlib.lib(cpu.o)
                0x000088c8                NOROM_CPUcpsid
 .text.NOROM_CPUcpsie
                0x000088d0        0x8 C:/ti/simplelink_cc13x0_sdk_4_20_02_07/source\ti/devices/cc13x0/driverlib/bin/gcc/driverlib.lib(cpu.o)
                0x000088d0                NOROM_CPUcpsie
 .text.NOROM_CPUdelay
                0x000088d8        0x6 C:/ti/simplelink_cc13x0_sdk_4_20_02_07/source\ti/devices/cc13x0/driverlib/bin/gcc/driverlib.lib(cpu.o)
                0x000088d8                NOROM_CPUdelay
 *fill*         0x000088de        0x2 
 .text.NOROM_RFCCpeIntGetAndClear
                0x000088e0       0x18 C:/ti/simplelink_cc13x0_sdk_4_20_02_07/source\ti/devices/cc13x0/driverlib/bin/gcc/driverlib.lib(rfc.o)
                0x000088e0                NOROM_RFCCpeIntGetAndClear
 .text.NOROM_RFCDoorbellSendTo
                0x000088f8       0x2c C:/ti/simplelink_cc13x0_sdk_4_20_02_07/source\ti/devices/cc13x0/driverlib/bin/gcc/driverlib.lib(rfc.o)
                0x000088f8                NOROM_RFCDoorbellSendTo
 .text.NOROM_RFCSynthPowerDown
                0x00008924       0x4c C:/ti/simplelink_cc13x0_sdk_4_20_02_07/source\ti/devices/cc13x0/driverlib/bin/gcc/driverlib.lib(rfc.o)
                0x00008924                NOROM_RFCSynthPowerDown
 .text.NOROM_RFCCpePatchReset
                0x00008970       0x60 C:/ti/simplelink_cc13x0_sdk_4_20_02_07/source\ti/devices/cc13x0/driverlib/bin/gcc/driverlib.lib(rfc.o)
                0x00008970                NOROM_RFCCpePatchReset
 .text.NOROM_RFCOverrideSearch
                0x000089d0       0x26 C:/ti/simplelink_cc13x0_sdk_4_20_02_07/source\ti/devices/cc13x0/driverlib/bin/gcc/driverlib.lib(rfc.o)
                0x000089d0                NOROM_RFCOverrideSearch
 *fill*         0x000089f6        0x2 
 .text.NOROM_RFCHwIntGetAndClear
                0x000089f8       0x10 C:/ti/simplelink_cc13x0_sdk_4_20_02_07/source\ti/devices/cc13x0/driverlib/bin/gcc/driverlib.lib(rfc.o)
                0x000089f8                NOROM_RFCHwIntGetAndClear
 .text.NOROM_RFCRfTrimRead
                0x00008a08      0x150 C:/ti/simplelink_cc13x0_sdk_4_20_02_07/source\ti/devices/cc13x0/driverlib/bin/gcc/driverlib.lib(rfc.o)
                0x00008a08                NOROM_RFCRfTrimRead
 .text.NOROM_RFCRfTrimSet
                0x00008b58       0x20 C:/ti/simplelink_cc13x0_sdk_4_20_02_07/source\ti/devices/cc13x0/driverlib/bin/gcc/driverlib.lib(rfc.o)
                0x00008b58                NOROM_RFCRfTrimSet
 .text.NOROM_RFCRTrim
                0x00008b78      0x104 C:/ti/simplelink_cc13x0_sdk_4_20_02_07/source\ti/devices/cc13x0/driverlib/bin/gcc/driverlib.lib(rfc.o)
                0x00008b78                NOROM_RFCRTrim
 .text.NOROM_RFCOverrideUpdate
                0x00008c7c        0x4 C:/ti/simplelink_cc13x0_sdk_4_20_02_07/source\ti/devices/cc13x0/driverlib/bin/gcc/driverlib.lib(rfc.o)
                0x00008c7c                NOROM_RFCOverrideUpdate
 .text.NOROM_RFCAdi3VcoLdoVoltageMode
                0x00008c80       0x1c C:/ti/simplelink_cc13x0_sdk_4_20_02_07/source\ti/devices/cc13x0/driverlib/bin/gcc/driverlib.lib(rfc.o)
                0x00008c80                NOROM_RFCAdi3VcoLdoVoltageMode
 .text.NOROM_AONRTCCurrentCompareValueGet
                0x00008c9c       0x20 C:/ti/simplelink_cc13x0_sdk_4_20_02_07/source\ti/devices/cc13x0/driverlib/bin/gcc/driverlib.lib(aon_rtc.o)
                0x00008c9c                NOROM_AONRTCCurrentCompareValueGet
 .text.NOROM_AONRTCCurrent64BitValueGet
                0x00008cbc       0x1c C:/ti/simplelink_cc13x0_sdk_4_20_02_07/source\ti/devices/cc13x0/driverlib/bin/gcc/driverlib.lib(aon_rtc.o)
                0x00008cbc                NOROM_AONRTCCurrent64BitValueGet
 .text.NOROM_SetupSetVddrLevel
                0x00008cd8       0x78 C:/ti/simplelink_cc13x0_sdk_4_20_02_07/source\ti/devices/cc13x0/driverlib/bin/gcc/driverlib.lib(setup_rom.o)
                0x00008cd8                NOROM_SetupSetVddrLevel
 .text.NOROM_SetupAfterColdResetWakeupFromShutDownCfg1
                0x00008d50       0xac C:/ti/simplelink_cc13x0_sdk_4_20_02_07/source\ti/devices/cc13x0/driverlib/bin/gcc/driverlib.lib(setup_rom.o)
                0x00008d50                NOROM_SetupAfterColdResetWakeupFromShutDownCfg1
 .text.NOROM_SetupGetTrimForAnabypassValue1
                0x00008dfc       0x5c C:/ti/simplelink_cc13x0_sdk_4_20_02_07/source\ti/devices/cc13x0/driverlib/bin/gcc/driverlib.lib(setup_rom.o)
                0x00008dfc                NOROM_SetupGetTrimForAnabypassValue1
 .text.NOROM_SetupGetTrimForRcOscLfRtuneCtuneTrim
                0x00008e58       0x18 C:/ti/simplelink_cc13x0_sdk_4_20_02_07/source\ti/devices/cc13x0/driverlib/bin/gcc/driverlib.lib(setup_rom.o)
                0x00008e58                NOROM_SetupGetTrimForRcOscLfRtuneCtuneTrim
 .text.NOROM_SetupGetTrimForAmpcompCtrl
                0x00008e70       0x54 C:/ti/simplelink_cc13x0_sdk_4_20_02_07/source\ti/devices/cc13x0/driverlib/bin/gcc/driverlib.lib(setup_rom.o)
                0x00008e70                NOROM_SetupGetTrimForAmpcompCtrl
 .text.NOROM_SetupGetTrimForDblrLoopFilterResetVoltage
                0x00008ec4       0x14 C:/ti/simplelink_cc13x0_sdk_4_20_02_07/source\ti/devices/cc13x0/driverlib/bin/gcc/driverlib.lib(setup_rom.o)
                0x00008ec4                NOROM_SetupGetTrimForDblrLoopFilterResetVoltage
 .text.NOROM_SetupGetTrimForAdcShModeEn
                0x00008ed8       0x14 C:/ti/simplelink_cc13x0_sdk_4_20_02_07/source\ti/devices/cc13x0/driverlib/bin/gcc/driverlib.lib(setup_rom.o)
                0x00008ed8                NOROM_SetupGetTrimForAdcShModeEn
 .text.NOROM_SetupGetTrimForAdcShVbufEn
                0x00008eec       0x14 C:/ti/simplelink_cc13x0_sdk_4_20_02_07/source\ti/devices/cc13x0/driverlib/bin/gcc/driverlib.lib(setup_rom.o)
                0x00008eec                NOROM_SetupGetTrimForAdcShVbufEn
 .text.NOROM_SetupGetTrimForXoscHfCtl
                0x00008f00       0x28 C:/ti/simplelink_cc13x0_sdk_4_20_02_07/source\ti/devices/cc13x0/driverlib/bin/gcc/driverlib.lib(setup_rom.o)
                0x00008f00                NOROM_SetupGetTrimForXoscHfCtl
 .text.NOROM_SetupGetTrimForXoscHfFastStart
                0x00008f28       0x10 C:/ti/simplelink_cc13x0_sdk_4_20_02_07/source\ti/devices/cc13x0/driverlib/bin/gcc/driverlib.lib(setup_rom.o)
                0x00008f28                NOROM_SetupGetTrimForXoscHfFastStart
 .text.NOROM_SetupGetTrimForRadcExtCfg
                0x00008f38       0x28 C:/ti/simplelink_cc13x0_sdk_4_20_02_07/source\ti/devices/cc13x0/driverlib/bin/gcc/driverlib.lib(setup_rom.o)
                0x00008f38                NOROM_SetupGetTrimForRadcExtCfg
 .text.NOROM_SetupGetTrimForRcOscLfIBiasTrim
                0x00008f60       0x14 C:/ti/simplelink_cc13x0_sdk_4_20_02_07/source\ti/devices/cc13x0/driverlib/bin/gcc/driverlib.lib(setup_rom.o)
                0x00008f60                NOROM_SetupGetTrimForRcOscLfIBiasTrim
 .text.NOROM_SetupGetTrimForXoscLfRegulatorAndCmirrwrRatio
                0x00008f74       0x14 C:/ti/simplelink_cc13x0_sdk_4_20_02_07/source\ti/devices/cc13x0/driverlib/bin/gcc/driverlib.lib(setup_rom.o)
                0x00008f74                NOROM_SetupGetTrimForXoscLfRegulatorAndCmirrwrRatio
 .text.NOROM_SetupAfterColdResetWakeupFromShutDownCfg2
                0x00008f88      0x124 C:/ti/simplelink_cc13x0_sdk_4_20_02_07/source\ti/devices/cc13x0/driverlib/bin/gcc/driverlib.lib(setup_rom.o)
                0x00008f88                NOROM_SetupAfterColdResetWakeupFromShutDownCfg2
 .text.NOROM_SetupSetCacheModeAccordingToCcfgSetting
                0x000090ac       0x6c C:/ti/simplelink_cc13x0_sdk_4_20_02_07/source\ti/devices/cc13x0/driverlib/bin/gcc/driverlib.lib(setup_rom.o)
                0x000090ac                NOROM_SetupSetCacheModeAccordingToCcfgSetting
 .text.NOROM_SetupSetAonRtcSubSecInc
                0x00009118       0x28 C:/ti/simplelink_cc13x0_sdk_4_20_02_07/source\ti/devices/cc13x0/driverlib/bin/gcc/driverlib.lib(setup_rom.o)
                0x00009118                NOROM_SetupSetAonRtcSubSecInc
 .text.NOROM_SetupAfterColdResetWakeupFromShutDownCfg3
                0x00009140      0x14c C:/ti/simplelink_cc13x0_sdk_4_20_02_07/source\ti/devices/cc13x0/driverlib/bin/gcc/driverlib.lib(setup_rom.o)
                0x00009140                NOROM_SetupAfterColdResetWakeupFromShutDownCfg3
 .text.IntDefaultHandler
                0x0000928c        0x2 C:/ti/simplelink_cc13x0_sdk_4_20_02_07/source\ti/devices/cc13x0/driverlib/bin/gcc/driverlib.lib(interrupt.o)
 *fill*         0x0000928e        0x2 
 .text.NOROM_IntRegister
                0x00009290       0x34 C:/ti/simplelink_cc13x0_sdk_4_20_02_07/source\ti/devices/cc13x0/driverlib/bin/gcc/driverlib.lib(interrupt.o)
                0x00009290                NOROM_IntRegister
 .text.NOROM_IntUnregister
                0x000092c4       0x14 C:/ti/simplelink_cc13x0_sdk_4_20_02_07/source\ti/devices/cc13x0/driverlib/bin/gcc/driverlib.lib(interrupt.o)
                0x000092c4                NOROM_IntUnregister
 .text.NOROM_OSCClockSourceSet
                0x000092d8       0x5c C:/ti/simplelink_cc13x0_sdk_4_20_02_07/source\ti/devices/cc13x0/driverlib/bin/gcc/driverlib.lib(osc.o)
                0x000092d8                NOROM_OSCClockSourceSet
 .text.NOROM_OSCClockSourceGet
                0x00009334       0x2c C:/ti/simplelink_cc13x0_sdk_4_20_02_07/source\ti/devices/cc13x0/driverlib/bin/gcc/driverlib.lib(osc.o)
                0x00009334                NOROM_OSCClockSourceGet
 .text.NOROM_OSCHF_TurnOnXosc
                0x00009360       0x18 C:/ti/simplelink_cc13x0_sdk_4_20_02_07/source\ti/devices/cc13x0/driverlib/bin/gcc/driverlib.lib(osc.o)
                0x00009360                NOROM_OSCHF_TurnOnXosc
 .text.NOROM_OSCHF_AttemptToSwitchToXosc
                0x00009378       0x64 C:/ti/simplelink_cc13x0_sdk_4_20_02_07/source\ti/devices/cc13x0/driverlib/bin/gcc/driverlib.lib(osc.o)
                0x00009378                NOROM_OSCHF_AttemptToSwitchToXosc
 .text.NOROM_OSCHF_SwitchToRcOscTurnOffXosc
                0x000093dc       0x34 C:/ti/simplelink_cc13x0_sdk_4_20_02_07/source\ti/devices/cc13x0/driverlib/bin/gcc/driverlib.lib(osc.o)
                0x000093dc                NOROM_OSCHF_SwitchToRcOscTurnOffXosc
 .text.NOROM_OSC_HPOSCRelativeFrequencyOffsetGet
                0x00009410       0x3c C:/ti/simplelink_cc13x0_sdk_4_20_02_07/source\ti/devices/cc13x0/driverlib/bin/gcc/driverlib.lib(osc.o)
                0x00009410                NOROM_OSC_HPOSCRelativeFrequencyOffsetGet
 .text.NOROM_OSC_HPOSCRelativeFrequencyOffsetToRFCoreFormatConvert
                0x0000944c        0xc C:/ti/simplelink_cc13x0_sdk_4_20_02_07/source\ti/devices/cc13x0/driverlib/bin/gcc/driverlib.lib(osc.o)
                0x0000944c                NOROM_OSC_HPOSCRelativeFrequencyOffsetToRFCoreFormatConvert
 .text.NOROM_AONBatMonTemperatureGetDegC
                0x00009458       0x30 C:/ti/simplelink_cc13x0_sdk_4_20_02_07/source\ti/devices/cc13x0/driverlib/bin/gcc/driverlib.lib(aon_batmon.o)
                0x00009458                NOROM_AONBatMonTemperatureGetDegC
 .text.SafeHapiVoid
                0x00009488       0x28 C:/ti/simplelink_cc13x0_sdk_4_20_02_07/source\ti/devices/cc13x0/driverlib/bin/gcc/driverlib.lib(adi.o)
                0x00009488                SafeHapiVoid
 .text.NOROM_VIMSModeGet
                0x000094b0        0xe C:/ti/simplelink_cc13x0_sdk_4_20_02_07/source\ti/devices/cc13x0/driverlib/bin/gcc/driverlib.lib(vims.o)
                0x000094b0                NOROM_VIMSModeGet
 *fill*         0x000094be        0x2 
 .text.AuxAdiDdiSafeWrite.constprop.1
                0x000094c0       0x28 C:/ti/simplelink_cc13x0_sdk_4_20_02_07/source\ti/devices/cc13x0/driverlib/bin/gcc/driverlib.lib(ddi.o)
 .text.NOROM_DDI32RegWrite
                0x000094e8        0x8 C:/ti/simplelink_cc13x0_sdk_4_20_02_07/source\ti/devices/cc13x0/driverlib/bin/gcc/driverlib.lib(ddi.o)
                0x000094e8                NOROM_DDI32RegWrite
 .text.malloc   0x000094f0       0x10 C:/ti/gcc-arm-none-eabi_7_2_1/arm-none-eabi/lib/thumb/v7-m\libc_nano.a(lib_a-malloc.o)
                0x000094f0                malloc
 .text.free     0x00009500       0x10 C:/ti/gcc-arm-none-eabi_7_2_1/arm-none-eabi/lib/thumb/v7-m\libc_nano.a(lib_a-malloc.o)
                0x00009500                free
 .text.memcpy   0x00009510       0x16 C:/ti/gcc-arm-none-eabi_7_2_1/arm-none-eabi/lib/thumb/v7-m\libc_nano.a(lib_a-memcpy-stub.o)
                0x00009510                memcpy
 .text.memset   0x00009526       0x10 C:/ti/gcc-arm-none-eabi_7_2_1/arm-none-eabi/lib/thumb/v7-m\libc_nano.a(lib_a-memset.o)
                0x00009526                memset
 *fill*         0x00009536        0x2 
 .text._free_r  0x00009538       0x98 C:/ti/gcc-arm-none-eabi_7_2_1/arm-none-eabi/lib/thumb/v7-m\libc_nano.a(lib_a-nano-freer.o)
                0x00009538                _free_r
 .text._malloc_r
                0x000095d0       0xb4 C:/ti/gcc-arm-none-eabi_7_2_1/arm-none-eabi/lib/thumb/v7-m\libc_nano.a(lib_a-nano-mallocr.o)
                0x000095d0                _malloc_r
 .text.rand     0x00009684       0x68 C:/ti/gcc-arm-none-eabi_7_2_1/arm-none-eabi/lib/thumb/v7-m\libc_nano.a(lib_a-rand.o)
                0x00009684                rand
 .text._sbrk_r  0x000096ec       0x20 C:/ti/gcc-arm-none-eabi_7_2_1/arm-none-eabi/lib/thumb/v7-m\libc_nano.a(lib_a-sbrkr.o)
                0x000096ec                _sbrk_r
 .text.__malloc_lock
                0x0000970c        0x2 C:/ti/gcc-arm-none-eabi_7_2_1/arm-none-eabi/lib/thumb/v7-m\libc_nano.a(lib_a-mlock.o)
                0x0000970c                __malloc_lock
 .text.__malloc_unlock
                0x0000970e        0x2 C:/ti/gcc-arm-none-eabi_7_2_1/arm-none-eabi/lib/thumb/v7-m\libc_nano.a(lib_a-mlock.o)
                0x0000970e                __malloc_unlock
 .text._sbrk    0x00009710       0x1c C:/ti/gcc-arm-none-eabi_7_2_1/arm-none-eabi/lib/thumb/v7-m\libnosys.a(sbrk.o)
                0x00009710                _sbrk
                0x0000972c                . = ALIGN (0x4)
 *(.ctors)
                0x0000972c                . = ALIGN (0x4)
 *(.dtors)
                0x0000972c                . = ALIGN (0x4)
                0x0000972c                __init_array_start = .
 *(.init_array*)
                0x0000972c                __init_array_end = .
 *(.init)
 *(.fini*)
                [!provide]                PROVIDE (__etext, .)
                [!provide]                PROVIDE (_etext, .)
                [!provide]                PROVIDE (etext, .)

.glue_7         0x0000972c        0x0
 .glue_7        0x0000972c        0x0 linker stubs

.glue_7t        0x0000972c        0x0
 .glue_7t       0x0000972c        0x0 linker stubs

.vfp11_veneer   0x0000972c        0x0
 .vfp11_veneer  0x0000972c        0x0 linker stubs

.v4_bx          0x0000972c        0x0
 .v4_bx         0x0000972c        0x0 linker stubs

.iplt           0x0000972c        0x0
 .iplt          0x0000972c        0x0 ./CC1310_LAUNCHXL.o

.rodata         0x0000972c     0x1248
 *(.rodata)
 .rodata        0x0000972c       0x1c ./CC1310_LAUNCHXL_fxns.o
 .rodata        0x00009748       0x22 ./rfWakeOnRadioTx_nortos.o
 *(.rodata.*)
 *fill*         0x0000976a        0x2 
 .rodata.displayUartHWAttrs
                0x0000976c       0x14 ./CC1310_LAUNCHXL.o
                0x0000976c                displayUartHWAttrs
 .rodata.displaySharpHWattrs
                0x00009780       0x18 ./CC1310_LAUNCHXL.o
                0x00009780                displaySharpHWattrs
 .rodata.Display_config
                0x00009798       0x18 ./CC1310_LAUNCHXL.o
                0x00009798                Display_config
 .rodata.Display_count
                0x000097b0        0x1 ./CC1310_LAUNCHXL.o
                0x000097b0                Display_count
 *fill*         0x000097b1        0x3 
 .rodata.GPIOCC26XX_config
                0x000097b4       0x14 ./CC1310_LAUNCHXL.o
                0x000097b4                GPIOCC26XX_config
 .rodata.BoardGpioInitTable
                0x000097c8       0x2c ./CC1310_LAUNCHXL.o
                0x000097c8                BoardGpioInitTable
 .rodata.PINCC26XX_hwAttrs
                0x000097f4        0x8 ./CC1310_LAUNCHXL.o
                0x000097f4                PINCC26XX_hwAttrs
 .rodata.PowerCC26XX_config
                0x000097fc       0x18 ./CC1310_LAUNCHXL.o
                0x000097fc                PowerCC26XX_config
 .rodata.RFCC26XX_hwAttrs
                0x00009814        0xc ./CC1310_LAUNCHXL.o
                0x00009814                RFCC26XX_hwAttrs
 .rodata.spiCC26XXDMAHWAttrs
                0x00009820       0x40 ./CC1310_LAUNCHXL.o
                0x00009820                spiCC26XXDMAHWAttrs
 .rodata.SPI_config
                0x00009860       0x18 ./CC1310_LAUNCHXL.o
                0x00009860                SPI_config
 .rodata.SPI_count
                0x00009878        0x1 ./CC1310_LAUNCHXL.o
                0x00009878                SPI_count
 *fill*         0x00009879        0x3 
 .rodata.uartCC26XXHWAttrs
                0x0000987c       0x28 ./CC1310_LAUNCHXL.o
                0x0000987c                uartCC26XXHWAttrs
 .rodata.UART_config
                0x000098a4        0xc ./CC1310_LAUNCHXL.o
                0x000098a4                UART_config
 .rodata.UART_count
                0x000098b0        0x1 ./CC1310_LAUNCHXL.o
                0x000098b0                UART_count
 *fill*         0x000098b1        0x3 
 .rodata.udmaHWAttrs
                0x000098b4        0x8 ./CC1310_LAUNCHXL.o
                0x000098b4                udmaHWAttrs
 .rodata.UDMACC26XX_config
                0x000098bc        0x8 ./CC1310_LAUNCHXL.o
                0x000098bc                UDMACC26XX_config
 .rodata.patchImageGenfsk
                0x000098c4      0x408 ./smartrf_settings/smartrf_settings.o
 .rodata.patchGenfskRfe
                0x00009ccc      0x6b4 ./smartrf_settings/smartrf_settings.o
 .rodata.Display_defaultParams
                0x0000a380        0x1 C:/ti/simplelink_cc13x0_sdk_4_20_02_07/source\ti/display/lib/display.am3g(Display.om3g)
                0x0000a380                Display_defaultParams
 *fill*         0x0000a381        0x3 
 .rodata.DisplaySharp_fxnTable
                0x0000a384       0x20 C:/ti/simplelink_cc13x0_sdk_4_20_02_07/source\ti/display/lib/display.am3g(DisplaySharp.om3g)
                0x0000a384                DisplaySharp_fxnTable
 .rodata.DisplayUartMin_fxnTable
                0x0000a3a4       0x20 C:/ti/simplelink_cc13x0_sdk_4_20_02_07/source\ti/display/lib/display.am3g(DisplayUart.om3g)
                0x0000a3a4                DisplayUartMin_fxnTable
 .rodata.g_sharpFxns
                0x0000a3c4       0x20 C:/ti/simplelink_cc13x0_sdk_4_20_02_07/source\ti/display/lib/display.am3g(SharpGrLib.om3g)
                0x0000a3c4                g_sharpFxns
 .rodata.referse_data
                0x0000a3e4       0x10 C:/ti/simplelink_cc13x0_sdk_4_20_02_07/source\ti/display/lib/display.am3g(SharpGrLib.om3g)
 .rodata.g_pucFontFixed6x8Data
                0x0000a3f4      0x2f8 C:/ti/simplelink_cc13x0_sdk_4_20_02_07/source\ti/grlib/lib/gcc/m3/grlib.a(fontfixed6x8.obj)
 .rodata.g_sFontFixed6x8
                0x0000a6ec       0xc8 C:/ti/simplelink_cc13x0_sdk_4_20_02_07/source\ti/grlib/lib/gcc/m3/grlib.a(fontfixed6x8.obj)
                0x0000a6ec                g_sFontFixed6x8
 .rodata.inPinTypes
                0x0000a7b4        0xc C:/ti/simplelink_cc13x0_sdk_4_20_02_07/source\ti/drivers/lib/drivers_cc13x0.am3g(GPIOCC26XX.om3g)
                0x0000a7b4                inPinTypes
 .rodata.interruptType
                0x0000a7c0       0x18 C:/ti/simplelink_cc13x0_sdk_4_20_02_07/source\ti/drivers/lib/drivers_cc13x0.am3g(GPIOCC26XX.om3g)
 .rodata.outPinStrengths
                0x0000a7d8        0xc C:/ti/simplelink_cc13x0_sdk_4_20_02_07/source\ti/drivers/lib/drivers_cc13x0.am3g(GPIOCC26XX.om3g)
                0x0000a7d8                outPinStrengths
 .rodata.outPinTypes
                0x0000a7e4       0x10 C:/ti/simplelink_cc13x0_sdk_4_20_02_07/source\ti/drivers/lib/drivers_cc13x0.am3g(GPIOCC26XX.om3g)
                0x0000a7e4                outPinTypes
 .rodata.resourceDB
                0x0000a7f4       0x4c C:/ti/simplelink_cc13x0_sdk_4_20_02_07/source\ti/drivers/lib/drivers_cc13x0.am3g(PowerCC26XX.om3g)
                0x0000a7f4                resourceDB
 .rodata.SPI_defaultParams
                0x0000a840       0x20 C:/ti/simplelink_cc13x0_sdk_4_20_02_07/source\ti/drivers/lib/drivers_cc13x0.am3g(SPI.om3g)
                0x0000a840                SPI_defaultParams
 .rodata.SPICC26XXDMA_fxnTable
                0x0000a860       0x18 C:/ti/simplelink_cc13x0_sdk_4_20_02_07/source\ti/drivers/lib/drivers_cc13x0.am3g(SPICC26XXDMA.om3g)
                0x0000a860                SPICC26XXDMA_fxnTable
 .rodata.dmaNullConfig
                0x0000a878        0x8 C:/ti/simplelink_cc13x0_sdk_4_20_02_07/source\ti/drivers/lib/drivers_cc13x0.am3g(SPICC26XXDMA.om3g)
 .rodata.dmaRxConfig
                0x0000a880        0x8 C:/ti/simplelink_cc13x0_sdk_4_20_02_07/source\ti/drivers/lib/drivers_cc13x0.am3g(SPICC26XXDMA.om3g)
 .rodata.dmaTxConfig
                0x0000a888        0x8 C:/ti/simplelink_cc13x0_sdk_4_20_02_07/source\ti/drivers/lib/drivers_cc13x0.am3g(SPICC26XXDMA.om3g)
 .rodata.frameFormat
                0x0000a890       0x18 C:/ti/simplelink_cc13x0_sdk_4_20_02_07/source\ti/drivers/lib/drivers_cc13x0.am3g(SPICC26XXDMA.om3g)
 .rodata.mode   0x0000a8a8        0x8 C:/ti/simplelink_cc13x0_sdk_4_20_02_07/source\ti/drivers/lib/drivers_cc13x0.am3g(SPICC26XXDMA.om3g)
 .rodata.UART_defaultParams
                0x0000a8b0       0x24 C:/ti/simplelink_cc13x0_sdk_4_20_02_07/source\ti/drivers/lib/drivers_cc13x0.am3g(UART.om3g)
                0x0000a8b0                UART_defaultParams
 .rodata.UARTCC26XX_fxnTable
                0x0000a8d4       0x28 C:/ti/simplelink_cc13x0_sdk_4_20_02_07/source\ti/drivers/lib/drivers_cc13x0.am3g(UARTCC26XX.om3g)
                0x0000a8d4                UARTCC26XX_fxnTable
 .rodata.dataLength
                0x0000a8fc       0x10 C:/ti/simplelink_cc13x0_sdk_4_20_02_07/source\ti/drivers/lib/drivers_cc13x0.am3g(UARTCC26XX.om3g)
 .rodata.parityType
                0x0000a90c       0x14 C:/ti/simplelink_cc13x0_sdk_4_20_02_07/source\ti/drivers/lib/drivers_cc13x0.am3g(UARTCC26XX.om3g)
 .rodata.rxFifoBytes
                0x0000a920        0x6 C:/ti/simplelink_cc13x0_sdk_4_20_02_07/source\ti/drivers/lib/drivers_cc13x0.am3g(UARTCC26XX.om3g)
 *fill*         0x0000a926        0x2 
 .rodata.rxFifoThreshold
                0x0000a928        0x6 C:/ti/simplelink_cc13x0_sdk_4_20_02_07/source\ti/drivers/lib/drivers_cc13x0.am3g(UARTCC26XX.om3g)
 *fill*         0x0000a92e        0x2 
 .rodata.stopBits
                0x0000a930        0x8 C:/ti/simplelink_cc13x0_sdk_4_20_02_07/source\ti/drivers/lib/drivers_cc13x0.am3g(UARTCC26XX.om3g)
 .rodata.txFifoBytes
                0x0000a938        0x6 C:/ti/simplelink_cc13x0_sdk_4_20_02_07/source\ti/drivers/lib/drivers_cc13x0.am3g(UARTCC26XX.om3g)
 *fill*         0x0000a93e        0x2 
 .rodata.txFifoThreshold
                0x0000a940        0x6 C:/ti/simplelink_cc13x0_sdk_4_20_02_07/source\ti/drivers/lib/drivers_cc13x0.am3g(UARTCC26XX.om3g)
 *fill*         0x0000a946        0x2 
 .rodata.SwiP_defaultParams
                0x0000a948       0x10 C:/ti/simplelink_cc13x0_sdk_4_20_02_07/kernel/nortos\lib/nortos_cc13x0.am3g(SwiP_nortos.om3g)
 .rodata.doPrint.str1.4
                0x0000a958        0x7 C:/ti/simplelink_cc13x0_sdk_4_20_02_07/kernel/nortos\lib/nortos_cc13x0.am3g(SystemP_nortos.om3g)
 *fill*         0x0000a95f        0x1 
 .rodata.formatNum.str1.4
                0x0000a960       0x14 C:/ti/simplelink_cc13x0_sdk_4_20_02_07/kernel/nortos\lib/nortos_cc13x0.am3g(SystemP_nortos.om3g)
                                 0x11 (size before relaxing)

.data           0x20000520      0x29c load address 0x0000a974
                0x0000a974                __data_load__ = LOADADDR (.data)
                0x20000520                __data_start__ = .
 *(.data)
 *(.data.*)
 .data.gpioPinConfigs
                0x20000520       0x30 ./CC1310_LAUNCHXL.o
                0x20000520                gpioPinConfigs
 .data.pinTable
                0x20000550        0xc ./rfWakeOnRadioTx_nortos.o
                0x20000550                pinTable
 .data.buttonPinTable
                0x2000055c        0x8 ./rfWakeOnRadioTx_nortos.o
                0x2000055c                buttonPinTable
 .data.RF_prop  0x20000564       0x10 ./smartrf_settings/smartrf_settings.o
                0x20000564                RF_prop
 .data.pOverrides
                0x20000574       0x54 ./smartrf_settings/smartrf_settings.o
                0x20000574                pOverrides
 .data.RF_cmdPropRadioDivSetup
                0x200005c8       0x28 ./smartrf_settings/smartrf_settings.o
                0x200005c8                RF_cmdPropRadioDivSetup
 .data.RF_cmdFs
                0x200005f0       0x18 ./smartrf_settings/smartrf_settings.o
                0x200005f0                RF_cmdFs
 .data.RF_cmdPropTx
                0x20000608       0x18 ./smartrf_settings/smartrf_settings.o
                0x20000608                RF_cmdPropTx
 .data.VCOMbit  0x20000620        0x1 C:/ti/simplelink_cc13x0_sdk_4_20_02_07/source\ti/display/lib/display.am3g(SharpGrLib.om3g)
 *fill*         0x20000621        0x3 
 .data.gpioPinTable
                0x20000624        0x4 C:/ti/simplelink_cc13x0_sdk_4_20_02_07/source\ti/drivers/lib/drivers_cc13x0.am3g(GPIOCC26XX.om3g)
 .data.PowerCC26XX_module
                0x20000628      0x114 C:/ti/simplelink_cc13x0_sdk_4_20_02_07/source\ti/drivers/lib/drivers_cc13x0.am3g(PowerCC26XX.om3g)
                0x20000628                PowerCC26XX_module
 .data.SemaphoreP_defaultParams
                0x2000073c        0x8 C:/ti/simplelink_cc13x0_sdk_4_20_02_07/kernel/nortos\lib/nortos_cc13x0.am3g(SemaphoreP_nortos.om3g)
                0x2000073c                SemaphoreP_defaultParams
 .data.ClockP_tickPeriod
                0x20000744        0x4 C:/ti/simplelink_cc13x0_sdk_4_20_02_07/kernel/nortos\lib/nortos_cc13x0.am3g(ClockPTimer_nortos.om3g)
                0x20000744                ClockP_tickPeriod
 .data.TimerP_defaultParams
                0x20000748        0xc C:/ti/simplelink_cc13x0_sdk_4_20_02_07/kernel/nortos\lib/nortos_cc13x0.am3g(TimerPCC26XX_nortos.om3g)
 .data.HwiP_swiPIntNum
                0x20000754        0x4 C:/ti/simplelink_cc13x0_sdk_4_20_02_07/kernel/nortos\lib/nortos_cc13x0.am3g(HwiPCC26XX_nortos.om3g)
                0x20000754                HwiP_swiPIntNum
 .data._impure_ptr
                0x20000758        0x4 C:/ti/gcc-arm-none-eabi_7_2_1/arm-none-eabi/lib/thumb/v7-m\libc_nano.a(lib_a-impure.o)
                0x20000758                _impure_ptr
 .data.impure_data
                0x2000075c       0x60 C:/ti/gcc-arm-none-eabi_7_2_1/arm-none-eabi/lib/thumb/v7-m\libc_nano.a(lib_a-impure.o)
                0x200007bc                . = ALIGN (0x4)
                0x200007bc                __data_end__ = .

.igot.plt       0x200007bc        0x0 load address 0x0000ac10
 .igot.plt      0x200007bc        0x0 ./CC1310_LAUNCHXL.o
